Archive member included to satisfy reference by file (symbol)

c:/ac6/systemworkbench/plugins/fr.ac6.mcu.externaltools.arm-none.win32_1.15.0.201708311556/tools/compiler/bin/../lib/gcc/arm-none-eabi/6.3.1/thumb/v7e-m/fpv5/hard\libgcc.a(_aeabi_uldivmod.o)
                              Drivers/STM32F7xx_HAL_Driver/Src/stm32f7xx_hal_rcc.o (__aeabi_uldivmod)
c:/ac6/systemworkbench/plugins/fr.ac6.mcu.externaltools.arm-none.win32_1.15.0.201708311556/tools/compiler/bin/../lib/gcc/arm-none-eabi/6.3.1/thumb/v7e-m/fpv5/hard\libgcc.a(_udivmoddi4.o)
                              c:/ac6/systemworkbench/plugins/fr.ac6.mcu.externaltools.arm-none.win32_1.15.0.201708311556/tools/compiler/bin/../lib/gcc/arm-none-eabi/6.3.1/thumb/v7e-m/fpv5/hard\libgcc.a(_aeabi_uldivmod.o) (__udivmoddi4)
c:/ac6/systemworkbench/plugins/fr.ac6.mcu.externaltools.arm-none.win32_1.15.0.201708311556/tools/compiler/bin/../lib/gcc/arm-none-eabi/6.3.1/thumb/v7e-m/fpv5/hard\libgcc.a(_dvmd_tls.o)
                              c:/ac6/systemworkbench/plugins/fr.ac6.mcu.externaltools.arm-none.win32_1.15.0.201708311556/tools/compiler/bin/../lib/gcc/arm-none-eabi/6.3.1/thumb/v7e-m/fpv5/hard\libgcc.a(_aeabi_uldivmod.o) (__aeabi_ldiv0)
c:/ac6/systemworkbench/plugins/fr.ac6.mcu.externaltools.arm-none.win32_1.15.0.201708311556/tools/compiler/bin/../lib/gcc/arm-none-eabi/6.3.1/../../../../arm-none-eabi/lib/thumb/v7e-m/fpv5/hard\libc_nano.a(lib_a-exit.o)
                              c:/ac6/systemworkbench/plugins/fr.ac6.mcu.externaltools.arm-none.win32_1.15.0.201708311556/tools/compiler/bin/../lib/gcc/arm-none-eabi/6.3.1/../../../../arm-none-eabi/lib/thumb/v7e-m/fpv5/hard/crt0.o (exit)
c:/ac6/systemworkbench/plugins/fr.ac6.mcu.externaltools.arm-none.win32_1.15.0.201708311556/tools/compiler/bin/../lib/gcc/arm-none-eabi/6.3.1/../../../../arm-none-eabi/lib/thumb/v7e-m/fpv5/hard\libc_nano.a(lib_a-impure.o)
                              c:/ac6/systemworkbench/plugins/fr.ac6.mcu.externaltools.arm-none.win32_1.15.0.201708311556/tools/compiler/bin/../lib/gcc/arm-none-eabi/6.3.1/../../../../arm-none-eabi/lib/thumb/v7e-m/fpv5/hard\libc_nano.a(lib_a-exit.o) (_global_impure_ptr)
c:/ac6/systemworkbench/plugins/fr.ac6.mcu.externaltools.arm-none.win32_1.15.0.201708311556/tools/compiler/bin/../lib/gcc/arm-none-eabi/6.3.1/../../../../arm-none-eabi/lib/thumb/v7e-m/fpv5/hard\libc_nano.a(lib_a-init.o)
                              c:/ac6/systemworkbench/plugins/fr.ac6.mcu.externaltools.arm-none.win32_1.15.0.201708311556/tools/compiler/bin/../lib/gcc/arm-none-eabi/6.3.1/../../../../arm-none-eabi/lib/thumb/v7e-m/fpv5/hard/crt0.o (__libc_init_array)
c:/ac6/systemworkbench/plugins/fr.ac6.mcu.externaltools.arm-none.win32_1.15.0.201708311556/tools/compiler/bin/../lib/gcc/arm-none-eabi/6.3.1/../../../../arm-none-eabi/lib/thumb/v7e-m/fpv5/hard\libc_nano.a(lib_a-malloc.o)
                              Middlewares/ST/STM32_USB_Device_Library/Class/CDC/Src/usbd_cdc.o (malloc)
c:/ac6/systemworkbench/plugins/fr.ac6.mcu.externaltools.arm-none.win32_1.15.0.201708311556/tools/compiler/bin/../lib/gcc/arm-none-eabi/6.3.1/../../../../arm-none-eabi/lib/thumb/v7e-m/fpv5/hard\libc_nano.a(lib_a-memset.o)
                              c:/ac6/systemworkbench/plugins/fr.ac6.mcu.externaltools.arm-none.win32_1.15.0.201708311556/tools/compiler/bin/../lib/gcc/arm-none-eabi/6.3.1/../../../../arm-none-eabi/lib/thumb/v7e-m/fpv5/hard/crt0.o (memset)
c:/ac6/systemworkbench/plugins/fr.ac6.mcu.externaltools.arm-none.win32_1.15.0.201708311556/tools/compiler/bin/../lib/gcc/arm-none-eabi/6.3.1/../../../../arm-none-eabi/lib/thumb/v7e-m/fpv5/hard\libc_nano.a(lib_a-nano-freer.o)
                              c:/ac6/systemworkbench/plugins/fr.ac6.mcu.externaltools.arm-none.win32_1.15.0.201708311556/tools/compiler/bin/../lib/gcc/arm-none-eabi/6.3.1/../../../../arm-none-eabi/lib/thumb/v7e-m/fpv5/hard\libc_nano.a(lib_a-malloc.o) (_free_r)
c:/ac6/systemworkbench/plugins/fr.ac6.mcu.externaltools.arm-none.win32_1.15.0.201708311556/tools/compiler/bin/../lib/gcc/arm-none-eabi/6.3.1/../../../../arm-none-eabi/lib/thumb/v7e-m/fpv5/hard\libc_nano.a(lib_a-nano-mallocr.o)
                              c:/ac6/systemworkbench/plugins/fr.ac6.mcu.externaltools.arm-none.win32_1.15.0.201708311556/tools/compiler/bin/../lib/gcc/arm-none-eabi/6.3.1/../../../../arm-none-eabi/lib/thumb/v7e-m/fpv5/hard\libc_nano.a(lib_a-malloc.o) (_malloc_r)
c:/ac6/systemworkbench/plugins/fr.ac6.mcu.externaltools.arm-none.win32_1.15.0.201708311556/tools/compiler/bin/../lib/gcc/arm-none-eabi/6.3.1/../../../../arm-none-eabi/lib/thumb/v7e-m/fpv5/hard\libc_nano.a(lib_a-realloc.o)
                              Src/main.o (realloc)
c:/ac6/systemworkbench/plugins/fr.ac6.mcu.externaltools.arm-none.win32_1.15.0.201708311556/tools/compiler/bin/../lib/gcc/arm-none-eabi/6.3.1/../../../../arm-none-eabi/lib/thumb/v7e-m/fpv5/hard\libc_nano.a(lib_a-sbrkr.o)
[...]
Memory Configuration

Name             Origin             Length             Attributes
RAM              0x20000000         0x00080000         xrw
FLASH            0x08000000         0x00200000         xr
*default*        0x00000000         0xffffffff

Linker script and memory map

LOAD c:/ac6/systemworkbench/plugins/fr.ac6.mcu.externaltools.arm-none.win32_1.15.0.201708311556/tools/compiler/bin/../lib/gcc/arm-none-eabi/6.3.1/thumb/v7e-m/fpv5/hard/crti.o
LOAD c:/ac6/systemworkbench/plugins/fr.ac6.mcu.externaltools.arm-none.win32_1.15.0.201708311556/tools/compiler/bin/../lib/gcc/arm-none-eabi/6.3.1/thumb/v7e-m/fpv5/hard/crtbegin.o
LOAD c:/ac6/systemworkbench/plugins/fr.ac6.mcu.externaltools.arm-none.win32_1.15.0.201708311556/tools/compiler/bin/../lib/gcc/arm-none-eabi/6.3.1/../../../../arm-none-eabi/lib/thumb/v7e-m/fpv5/hard/crt0.o
LOAD Drivers/STM32F7xx_HAL_Driver/Src/stm32f7xx_hal.o
LOAD Drivers/STM32F7xx_HAL_Driver/Src/stm32f7xx_hal_cortex.o
LOAD Drivers/STM32F7xx_HAL_Driver/Src/stm32f7xx_hal_dac.o
LOAD Drivers/STM32F7xx_HAL_Driver/Src/stm32f7xx_hal_dac_ex.o
LOAD Drivers/STM32F7xx_HAL_Driver/Src/stm32f7xx_hal_dma.o
LOAD Drivers/STM32F7xx_HAL_Driver/Src/stm32f7xx_hal_dma_ex.o
LOAD Drivers/STM32F7xx_HAL_Driver/Src/stm32f7xx_hal_flash.o
LOAD Drivers/STM32F7xx_HAL_Driver/Src/stm32f7xx_hal_flash_ex.o
LOAD Drivers/STM32F7xx_HAL_Driver/Src/stm32f7xx_hal_gpio.o
LOAD Drivers/STM32F7xx_HAL_Driver/Src/stm32f7xx_hal_i2c.o
LOAD Drivers/STM32F7xx_HAL_Driver/Src/stm32f7xx_hal_i2c_ex.o
LOAD Drivers/STM32F7xx_HAL_Driver/Src/stm32f7xx_hal_pcd.o
LOAD Drivers/STM32F7xx_HAL_Driver/Src/stm32f7xx_hal_pcd_ex.o
LOAD Drivers/STM32F7xx_HAL_Driver/Src/stm32f7xx_hal_pwr.o
LOAD Drivers/STM32F7xx_HAL_Driver/Src/stm32f7xx_hal_pwr_ex.o
LOAD Drivers/STM32F7xx_HAL_Driver/Src/stm32f7xx_hal_rcc.o
LOAD Drivers/STM32F7xx_HAL_Driver/Src/stm32f7xx_hal_rcc_ex.o
LOAD Drivers/STM32F7xx_HAL_Driver/Src/stm32f7xx_hal_tim.o
LOAD Drivers/STM32F7xx_HAL_Driver/Src/stm32f7xx_hal_tim_ex.o
LOAD Drivers/STM32F7xx_HAL_Driver/Src/stm32f7xx_hal_uart.o
LOAD Drivers/STM32F7xx_HAL_Driver/Src/stm32f7xx_ll_usb.o
LOAD Middlewares/ST/STM32_USB_Device_Library/Class/CDC/Src/usbd_cdc.o
LOAD Middlewares/ST/STM32_USB_Device_Library/Core/Src/usbd_core.o
LOAD Middlewares/ST/STM32_USB_Device_Library/Core/Src/usbd_ctlreq.o
LOAD Middlewares/ST/STM32_USB_Device_Library/Core/Src/usbd_ioreq.o
LOAD Src/dac.o
LOAD Src/gpio.o
LOAD Src/main.o
LOAD Src/stm32f7xx_hal_msp.o
LOAD Src/stm32f7xx_it.o
LOAD Src/system_stm32f7xx.o
LOAD Src/usart.o
LOAD Src/usb_device.o
LOAD Src/usbd_cdc_if.o
LOAD Src/usbd_conf.o
LOAD Src/usbd_desc.o
LOAD startup/startup_stm32f767xx.o
LOAD c:/ac6/systemworkbench/plugins/fr.ac6.mcu.externaltools.arm-none.win32_1.15.0.201708311556/tools/compiler/bin/../lib/gcc/arm-none-eabi/6.3.1/../../../../arm-none-eabi/lib/thumb/v7e-m/fpv5/hard\libm.a
START GROUP
LOAD c:/ac6/systemworkbench/plugins/fr.ac6.mcu.externaltools.arm-none.win32_1.15.0.201708311556/tools/compiler/bin/../lib/gcc/arm-none-eabi/6.3.1/thumb/v7e-m/fpv5/hard\libgcc.a
LOAD c:/ac6/systemworkbench/plugins/fr.ac6.mcu.externaltools.arm-none.win32_1.15.0.201708311556/tools/compiler/bin/../lib/gcc/arm-none-eabi/6.3.1/../../../../arm-none-eabi/lib/thumb/v7e-m/fpv5/hard\libc_nano.a
END GROUP
START GROUP
LOAD c:/ac6/systemworkbench/plugins/fr.ac6.mcu.externaltools.arm-none.win32_1.15.0.201708311556/tools/compiler/bin/../lib/gcc/arm-none-eabi/6.3.1/thumb/v7e-m/fpv5/hard\libgcc.a
LOAD c:/ac6/systemworkbench/plugins/fr.ac6.mcu.externaltools.arm-none.win32_1.15.0.201708311556/tools/compiler/bin/../lib/gcc/arm-none-eabi/6.3.1/../../../../arm-none-eabi/lib/thumb/v7e-m/fpv5/hard\libc_nano.a
LOAD c:/ac6/systemworkbench/plugins/fr.ac6.mcu.externaltools.arm-none.win32_1.15.0.201708311556/tools/compiler/bin/../lib/gcc/arm-none-eabi/6.3.1/../../../../arm-none-eabi/lib/thumb/v7e-m/fpv5/hard\libnosys.a
END GROUP
START GROUP
LOAD c:/ac6/systemworkbench/plugins/fr.ac6.mcu.externaltools.arm-none.win32_1.15.0.201708311556/tools/compiler/bin/../lib/gcc/arm-none-eabi/6.3.1/thumb/v7e-m/fpv5/hard\libgcc.a
LOAD c:/ac6/systemworkbench/plugins/fr.ac6.mcu.externaltools.arm-none.win32_1.15.0.201708311556/tools/compiler/bin/../lib/gcc/arm-none-eabi/6.3.1/../../../../arm-none-eabi/lib/thumb/v7e-m/fpv5/hard\libc_nano.a
LOAD c:/ac6/systemworkbench/plugins/fr.ac6.mcu.externaltools.arm-none.win32_1.15.0.201708311556/tools/compiler/bin/../lib/gcc/arm-none-eabi/6.3.1/../../../../arm-none-eabi/lib/thumb/v7e-m/fpv5/hard\libnosys.a
END GROUP
LOAD c:/ac6/systemworkbench/plugins/fr.ac6.mcu.externaltools.arm-none.win32_1.15.0.201708311556/tools/compiler/bin/../lib/gcc/arm-none-eabi/6.3.1/thumb/v7e-m/fpv5/hard/crtend.o
LOAD c:/ac6/systemworkbench/plugins/fr.ac6.mcu.externaltools.arm-none.win32_1.15.0.201708311556/tools/compiler/bin/../lib/gcc/arm-none-eabi/6.3.1/thumb/v7e-m/fpv5/hard/crtn.o
                0x20080000                _estack = 0x20080000
                0x00002000                _Min_Heap_Size = 0x2000
                0x00004000                _Min_Stack_Size = 0x4000

.isr_vector     0x08000000      0x1f8
                0x08000000                . = ALIGN (0x4)
 *(.isr_vector)
 .isr_vector    0x08000000      0x1f8 startup/startup_stm32f767xx.o
                0x08000000                g_pfnVectors
                0x080001f8                . = ALIGN (0x4)

.text           0x080001f8     0x4984
                0x080001f8                . = ALIGN (0x4)
 *(.text)
 .text          0x080001f8       0x6c c:/ac6/systemworkbench/plugins/fr.ac6.mcu.externaltools.arm-none.win32_1.15.0.201708311556/tools/compiler/bin/../lib/gcc/arm-none-eabi/6.3.1/thumb/v7e-m/fpv5/hard/crtbegin.o
 .text          0x08000264       0x30 c:/ac6/systemworkbench/plugins/fr.ac6.mcu.externaltools.arm-none.win32_1.15.0.201708311556/tools/compiler/bin/../lib/gcc/arm-none-eabi/6.3.1/thumb/v7e-m/fpv5/hard\libgcc.a(_aeabi_uldivmod.o)
                0x08000264                __aeabi_uldivmod
 .text          0x08000294      0x2dc c:/ac6/systemworkbench/plugins/fr.ac6.mcu.externaltools.arm-none.win32_1.15.0.201708311556/tools/compiler/bin/../lib/gcc/arm-none-eabi/6.3.1/thumb/v7e-m/fpv5/hard\libgcc.a(_udivmoddi4.o)
                0x08000294                __udivmoddi4
 .text          0x08000570        0x4 c:/ac6/systemworkbench/plugins/fr.ac6.mcu.externaltools.arm-none.win32_1.15.0.201708311556/tools/compiler/bin/../lib/gcc/arm-none-eabi/6.3.1/thumb/v7e-m/fpv5/hard\libgcc.a(_dvmd_tls.o)
                0x08000570                __aeabi_idiv0
                0x08000570                __aeabi_ldiv0
 *(.text*)
 .text.HAL_InitTick
                0x08000574       0x48 Drivers/STM32F7xx_HAL_Driver/Src/stm32f7xx_hal.o
                0x08000574                HAL_InitTick
 .text.HAL_Init
                0x080005bc       0x16 Drivers/STM32F7xx_HAL_Driver/Src/stm32f7xx_hal.o
                0x080005bc                HAL_Init
 *fill*         0x080005d2        0x2 
 .text.HAL_IncTick
                0x080005d4       0x18 Drivers/STM32F7xx_HAL_Driver/Src/stm32f7xx_hal.o
                0x080005d4                HAL_IncTick
 .text.HAL_GetTick
                0x080005ec        0xc Drivers/STM32F7xx_HAL_Driver/Src/stm32f7xx_hal.o
                0x080005ec                HAL_GetTick
 .text.HAL_Delay
                0x080005f8       0x28 Drivers/STM32F7xx_HAL_Driver/Src/stm32f7xx_hal.o
                0x080005f8                HAL_Delay
 .text.HAL_NVIC_SetPriorityGrouping
                0x08000620       0x24 Drivers/STM32F7xx_HAL_Driver/Src/stm32f7xx_hal_cortex.o
                0x08000620                HAL_NVIC_SetPriorityGrouping
 .text.HAL_NVIC_SetPriority
                0x08000644       0x60 Drivers/STM32F7xx_HAL_Driver/Src/stm32f7xx_hal_cortex.o
                0x08000644                HAL_NVIC_SetPriority
 .text.HAL_NVIC_EnableIRQ
                0x080006a4       0x18 Drivers/STM32F7xx_HAL_Driver/Src/stm32f7xx_hal_cortex.o
                0x080006a4                HAL_NVIC_EnableIRQ
 .text.HAL_SYSTICK_Config
                0x080006bc       0x2c Drivers/STM32F7xx_HAL_Driver/Src/stm32f7xx_hal_cortex.o
                0x080006bc                HAL_SYSTICK_Config
 .text.HAL_SYSTICK_CLKSourceConfig
                0x080006e8       0x20 Drivers/STM32F7xx_HAL_Driver/Src/stm32f7xx_hal_cortex.o
                0x080006e8                HAL_SYSTICK_CLKSourceConfig
 .text.HAL_SYSTICK_Callback
                0x08000708        0x2 Drivers/STM32F7xx_HAL_Driver/Src/stm32f7xx_hal_cortex.o
                0x08000708                HAL_SYSTICK_Callback
 .text.HAL_SYSTICK_IRQHandler
                0x0800070a        0x8 Drivers/STM32F7xx_HAL_Driver/Src/stm32f7xx_hal_cortex.o
                0x0800070a                HAL_SYSTICK_IRQHandler
 .text.HAL_DAC_Init
                0x08000712       0x24 Drivers/STM32F7xx_HAL_Driver/Src/stm32f7xx_hal_dac.o
                0x08000712                HAL_DAC_Init
 .text.HAL_DAC_Start
                0x08000736       0x74 Drivers/STM32F7xx_HAL_Driver/Src/stm32f7xx_hal_dac.o
                0x08000736                HAL_DAC_Start
 .text.HAL_DAC_ConfigChannel
                0x080007aa       0x4a Drivers/STM32F7xx_HAL_Driver/Src/stm32f7xx_hal_dac.o
                0x080007aa                HAL_DAC_ConfigChannel
 .text.HAL_DAC_SetValue
                0x080007f4       0x2e Drivers/STM32F7xx_HAL_Driver/Src/stm32f7xx_hal_dac.o
                0x080007f4                HAL_DAC_SetValue
 *fill*         0x08000822        0x2 
 .text.HAL_GPIO_Init
                0x08000824      0x1dc Drivers/STM32F7xx_HAL_Driver/Src/stm32f7xx_hal_gpio.o
                0x08000824                HAL_GPIO_Init
 .text.HAL_GPIO_WritePin
                0x08000a00        0xc Drivers/STM32F7xx_HAL_Driver/Src/stm32f7xx_hal_gpio.o
                0x08000a00                HAL_GPIO_WritePin
 .text.HAL_GPIO_TogglePin
                0x08000a0c        0x8 Drivers/STM32F7xx_HAL_Driver/Src/stm32f7xx_hal_gpio.o
                0x08000a0c                HAL_GPIO_TogglePin
 .text.PCD_WriteEmptyTxFifo
                0x08000a14       0xc0 Drivers/STM32F7xx_HAL_Driver/Src/stm32f7xx_hal_pcd.o
 .text.HAL_PCD_Init
                0x08000ad4       0xee Drivers/STM32F7xx_HAL_Driver/Src/stm32f7xx_hal_pcd.o
                0x08000ad4                HAL_PCD_Init
 .text.HAL_PCD_Start
                0x08000bc2       0x2a Drivers/STM32F7xx_HAL_Driver/Src/stm32f7xx_hal_pcd.o
                0x08000bc2                HAL_PCD_Start
 .text.HAL_PCD_IRQHandler
                0x08000bec      0x65c Drivers/STM32F7xx_HAL_Driver/Src/stm32f7xx_hal_pcd.o
                0x08000bec                HAL_PCD_IRQHandler
 .text.HAL_PCD_SetAddress
                0x08001248       0x24 Drivers/STM32F7xx_HAL_Driver/Src/stm32f7xx_hal_pcd.o
                0x08001248                HAL_PCD_SetAddress
 .text.HAL_PCD_EP_Open
                0x0800126c       0x68 Drivers/STM32F7xx_HAL_Driver/Src/stm32f7xx_hal_pcd.o
                0x0800126c                HAL_PCD_EP_Open
 .text.HAL_PCD_EP_Close
                0x080012d4       0x56 Drivers/STM32F7xx_HAL_Driver/Src/stm32f7xx_hal_pcd.o
                0x080012d4                HAL_PCD_EP_Close
 .text.HAL_PCD_EP_Receive
                0x0800132a       0x5a Drivers/STM32F7xx_HAL_Driver/Src/stm32f7xx_hal_pcd.o
                0x0800132a                HAL_PCD_EP_Receive
 .text.HAL_PCD_EP_GetRxCount
                0x08001384       0x12 Drivers/STM32F7xx_HAL_Driver/Src/stm32f7xx_hal_pcd.o
                0x08001384                HAL_PCD_EP_GetRxCount
 .text.HAL_PCD_EP_Transmit
                0x08001396       0x52 Drivers/STM32F7xx_HAL_Driver/Src/stm32f7xx_hal_pcd.o
                0x08001396                HAL_PCD_EP_Transmit
 .text.HAL_PCD_EP_SetStall
                0x080013e8       0x74 Drivers/STM32F7xx_HAL_Driver/Src/stm32f7xx_hal_pcd.o
                0x080013e8                HAL_PCD_EP_SetStall
 .text.HAL_PCD_EP_ClrStall
                0x0800145c       0x64 Drivers/STM32F7xx_HAL_Driver/Src/stm32f7xx_hal_pcd.o
                0x0800145c                HAL_PCD_EP_ClrStall
 .text.HAL_PCDEx_SetTxFiFo
                0x080014c0       0x48 Drivers/STM32F7xx_HAL_Driver/Src/stm32f7xx_hal_pcd_ex.o
                0x080014c0                HAL_PCDEx_SetTxFiFo
 .text.HAL_PCDEx_SetRxFiFo
                0x08001508        0x8 Drivers/STM32F7xx_HAL_Driver/Src/stm32f7xx_hal_pcd_ex.o
                0x08001508                HAL_PCDEx_SetRxFiFo
 .text.HAL_PCDEx_ActivateLPM
                0x08001510       0x28 Drivers/STM32F7xx_HAL_Driver/Src/stm32f7xx_hal_pcd_ex.o
                0x08001510                HAL_PCDEx_ActivateLPM
 .text.HAL_PWREx_EnableOverDrive
                0x08001538       0x7c Drivers/STM32F7xx_HAL_Driver/Src/stm32f7xx_hal_pwr_ex.o
                0x08001538                HAL_PWREx_EnableOverDrive
 .text.HAL_RCC_OscConfig
                0x080015b4      0x3d4 Drivers/STM32F7xx_HAL_Driver/Src/stm32f7xx_hal_rcc.o
                0x080015b4                HAL_RCC_OscConfig
 .text.HAL_RCC_GetSysClockFreq
                0x08001988       0xd4 Drivers/STM32F7xx_HAL_Driver/Src/stm32f7xx_hal_rcc.o
                0x08001988                HAL_RCC_GetSysClockFreq
 .text.HAL_RCC_ClockConfig
                0x08001a5c      0x164 Drivers/STM32F7xx_HAL_Driver/Src/stm32f7xx_hal_rcc.o
                0x08001a5c                HAL_RCC_ClockConfig
 .text.HAL_RCC_GetHCLKFreq
                0x08001bc0        0xc Drivers/STM32F7xx_HAL_Driver/Src/stm32f7xx_hal_rcc.o
                0x08001bc0                HAL_RCC_GetHCLKFreq
 .text.HAL_RCC_GetPCLK1Freq
                0x08001bcc       0x20 Drivers/STM32F7xx_HAL_Driver/Src/stm32f7xx_hal_rcc.o
                0x08001bcc                HAL_RCC_GetPCLK1Freq
 .text.HAL_RCC_GetPCLK2Freq
                0x08001bec       0x20 Drivers/STM32F7xx_HAL_Driver/Src/stm32f7xx_hal_rcc.o
                0x08001bec                HAL_RCC_GetPCLK2Freq
 .text.HAL_RCCEx_PeriphCLKConfig
                0x08001c0c      0x608 Drivers/STM32F7xx_HAL_Driver/Src/stm32f7xx_hal_rcc_ex.o
                0x08001c0c                HAL_RCCEx_PeriphCLKConfig
 .text.UART_WaitOnFlagUntilTimeout
                0x08002214       0x64 Drivers/STM32F7xx_HAL_Driver/Src/stm32f7xx_hal_uart.o
                0x08002214                UART_WaitOnFlagUntilTimeout
 .text.UART_SetConfig
                0x08002278      0x360 Drivers/STM32F7xx_HAL_Driver/Src/stm32f7xx_hal_uart.o
                0x08002278                UART_SetConfig
 .text.UART_AdvFeatureConfig
                0x080025d8       0xca Drivers/STM32F7xx_HAL_Driver/Src/stm32f7xx_hal_uart.o
                0x080025d8                UART_AdvFeatureConfig
 .text.UART_CheckIdleState
                0x080026a2       0x48 Drivers/STM32F7xx_HAL_Driver/Src/stm32f7xx_hal_uart.o
                0x080026a2                UART_CheckIdleState
 .text.HAL_UART_Init
                0x080026ea       0x68 Drivers/STM32F7xx_HAL_Driver/Src/stm32f7xx_hal_uart.o
                0x080026ea                HAL_UART_Init
 *fill*         0x08002752        0x2 
 .text.USB_CoreReset
                0x08002754       0x3c Drivers/STM32F7xx_HAL_Driver/Src/stm32f7xx_ll_usb.o
 .text.USB_CoreInit
                0x08002790       0x7c Drivers/STM32F7xx_HAL_Driver/Src/stm32f7xx_ll_usb.o
                0x08002790                USB_CoreInit
 .text.USB_EnableGlobalInt
                0x0800280c        0xc Drivers/STM32F7xx_HAL_Driver/Src/stm32f7xx_ll_usb.o
                0x0800280c                USB_EnableGlobalInt
 .text.USB_DisableGlobalInt
                0x08002818        0xc Drivers/STM32F7xx_HAL_Driver/Src/stm32f7xx_ll_usb.o
                0x08002818                USB_DisableGlobalInt
 .text.USB_SetCurrentMode
                0x08002824       0x2c Drivers/STM32F7xx_HAL_Driver/Src/stm32f7xx_ll_usb.o
                0x08002824                USB_SetCurrentMode
 .text.USB_FlushTxFifo
                0x08002850       0x28 Drivers/STM32F7xx_HAL_Driver/Src/stm32f7xx_ll_usb.o
                0x08002850                USB_FlushTxFifo
 .text.USB_FlushRxFifo
                0x08002878       0x24 Drivers/STM32F7xx_HAL_Driver/Src/stm32f7xx_ll_usb.o
                0x08002878                USB_FlushRxFifo
 .text.USB_SetDevSpeed
                0x0800289c        0xe Drivers/STM32F7xx_HAL_Driver/Src/stm32f7xx_ll_usb.o
                0x0800289c                USB_SetDevSpeed
 *fill*         0x080028aa        0x2 
 .text.USB_DevInit
                0x080028ac      0x178 Drivers/STM32F7xx_HAL_Driver/Src/stm32f7xx_ll_usb.o
                0x080028ac                USB_DevInit
 .text.USB_GetDevSpeed
                0x08002a24       0x40 Drivers/STM32F7xx_HAL_Driver/Src/stm32f7xx_ll_usb.o
                0x08002a24                USB_GetDevSpeed
 .text.USB_ActivateEndpoint
                0x08002a64       0x90 Drivers/STM32F7xx_HAL_Driver/Src/stm32f7xx_ll_usb.o
                0x08002a64                USB_ActivateEndpoint
 .text.USB_DeactivateEndpoint
                0x08002af4       0x7e Drivers/STM32F7xx_HAL_Driver/Src/stm32f7xx_ll_usb.o
                0x08002af4                USB_DeactivateEndpoint
 *fill*         0x08002b72        0x2 
 .text.USB_EP0StartXfer
                0x08002b74      0x15c Drivers/STM32F7xx_HAL_Driver/Src/stm32f7xx_ll_usb.o
                0x08002b74                USB_EP0StartXfer
 .text.USB_WritePacket
                0x08002cd0       0x28 Drivers/STM32F7xx_HAL_Driver/Src/stm32f7xx_ll_usb.o
                0x08002cd0                USB_WritePacket
 .text.USB_EPStartXfer
                0x08002cf8      0x260 Drivers/STM32F7xx_HAL_Driver/Src/stm32f7xx_ll_usb.o
                0x08002cf8                USB_EPStartXfer
 .text.USB_ReadPacket
                0x08002f58       0x28 Drivers/STM32F7xx_HAL_Driver/Src/stm32f7xx_ll_usb.o
                0x08002f58                USB_ReadPacket
 .text.USB_EPSetStall
                0x08002f80       0x64 Drivers/STM32F7xx_HAL_Driver/Src/stm32f7xx_ll_usb.o
                0x08002f80                USB_EPSetStall
 .text.USB_EPClearStall
                0x08002fe4       0x6a Drivers/STM32F7xx_HAL_Driver/Src/stm32f7xx_ll_usb.o
                0x08002fe4                USB_EPClearStall
 .text.USB_SetDevAddress
                0x0800304e       0x20 Drivers/STM32F7xx_HAL_Driver/Src/stm32f7xx_ll_usb.o
                0x0800304e                USB_SetDevAddress
 .text.USB_DevConnect
                0x0800306e       0x18 Drivers/STM32F7xx_HAL_Driver/Src/stm32f7xx_ll_usb.o
                0x0800306e                USB_DevConnect
 .text.USB_DevDisconnect
                0x08003086       0x18 Drivers/STM32F7xx_HAL_Driver/Src/stm32f7xx_ll_usb.o
                0x08003086                USB_DevDisconnect
 .text.USB_ReadInterrupts
                0x0800309e        0x8 Drivers/STM32F7xx_HAL_Driver/Src/stm32f7xx_ll_usb.o
                0x0800309e                USB_ReadInterrupts
 .text.USB_ReadDevAllOutEpInterrupt
                0x080030a6       0x10 Drivers/STM32F7xx_HAL_Driver/Src/stm32f7xx_ll_usb.o
                0x080030a6                USB_ReadDevAllOutEpInterrupt
 .text.USB_ReadDevAllInEpInterrupt
                0x080030b6       0x10 Drivers/STM32F7xx_HAL_Driver/Src/stm32f7xx_ll_usb.o
                0x080030b6                USB_ReadDevAllInEpInterrupt
 .text.USB_ReadDevOutEPInterrupt
                0x080030c6       0x12 Drivers/STM32F7xx_HAL_Driver/Src/stm32f7xx_ll_usb.o
                0x080030c6                USB_ReadDevOutEPInterrupt
 .text.USB_ReadDevInEPInterrupt
                0x080030d8       0x1c Drivers/STM32F7xx_HAL_Driver/Src/stm32f7xx_ll_usb.o
                0x080030d8                USB_ReadDevInEPInterrupt
 .text.USB_GetMode
                0x080030f4        0x8 Drivers/STM32F7xx_HAL_Driver/Src/stm32f7xx_ll_usb.o
                0x080030f4                USB_GetMode
 .text.USB_ActivateSetup
                0x080030fc       0x38 Drivers/STM32F7xx_HAL_Driver/Src/stm32f7xx_ll_usb.o
                0x080030fc                USB_ActivateSetup
 .text.USB_EP0_OutStart
                0x08003134       0x46 Drivers/STM32F7xx_HAL_Driver/Src/stm32f7xx_ll_usb.o
                0x08003134                USB_EP0_OutStart
 .text.USBD_CDC_DataIn
                0x0800317a       0x12 Middlewares/ST/STM32_USB_Device_Library/Class/CDC/Src/usbd_cdc.o
 .text.USBD_CDC_EP0_RxReady
                0x0800318c       0x28 Middlewares/ST/STM32_USB_Device_Library/Class/CDC/Src/usbd_cdc.o
 .text.USBD_CDC_GetFSCfgDesc
                0x080031b4        0xc Middlewares/ST/STM32_USB_Device_Library/Class/CDC/Src/usbd_cdc.o
 .text.USBD_CDC_GetHSCfgDesc
                0x080031c0        0xc Middlewares/ST/STM32_USB_Device_Library/Class/CDC/Src/usbd_cdc.o
 .text.USBD_CDC_GetOtherSpeedCfgDesc
                0x080031cc        0xc Middlewares/ST/STM32_USB_Device_Library/Class/CDC/Src/usbd_cdc.o
 .text.USBD_CDC_GetDeviceQualifierDescriptor
                0x080031d8        0xc Middlewares/ST/STM32_USB_Device_Library/Class/CDC/Src/usbd_cdc.o
                0x080031d8                USBD_CDC_GetDeviceQualifierDescriptor
 .text.USBD_CDC_DataOut
                0x080031e4       0x2e Middlewares/ST/STM32_USB_Device_Library/Class/CDC/Src/usbd_cdc.o
 *fill*         0x08003212        0x2 
 .text.USBD_CDC_Setup
                0x08003214       0x74 Middlewares/ST/STM32_USB_Device_Library/Class/CDC/Src/usbd_cdc.o
 .text.USBD_CDC_DeInit
                0x08003288       0x3a Middlewares/ST/STM32_USB_Device_Library/Class/CDC/Src/usbd_cdc.o
 .text.USBD_CDC_Init
                0x080032c2       0x96 Middlewares/ST/STM32_USB_Device_Library/Class/CDC/Src/usbd_cdc.o
 .text.USBD_CDC_RegisterInterface
                0x08003358        0xe Middlewares/ST/STM32_USB_Device_Library/Class/CDC/Src/usbd_cdc.o
                0x08003358                USBD_CDC_RegisterInterface
 .text.USBD_CDC_SetTxBuffer
                0x08003366       0x10 Middlewares/ST/STM32_USB_Device_Library/Class/CDC/Src/usbd_cdc.o
                0x08003366                USBD_CDC_SetTxBuffer
 .text.USBD_CDC_SetRxBuffer
                0x08003376        0xc Middlewares/ST/STM32_USB_Device_Library/Class/CDC/Src/usbd_cdc.o
                0x08003376                USBD_CDC_SetRxBuffer
 .text.USBD_CDC_ReceivePacket
                0x08003382       0x32 Middlewares/ST/STM32_USB_Device_Library/Class/CDC/Src/usbd_cdc.o
                0x08003382                USBD_CDC_ReceivePacket
 .text.USBD_Init
                0x080033b4       0x2e Middlewares/ST/STM32_USB_Device_Library/Core/Src/usbd_core.o
                0x080033b4                USBD_Init
 .text.USBD_RegisterClass
                0x080033e2        0xe Middlewares/ST/STM32_USB_Device_Library/Core/Src/usbd_core.o
                0x080033e2                USBD_RegisterClass
 .text.USBD_Start
                0x080033f0        0xa Middlewares/ST/STM32_USB_Device_Library/Core/Src/usbd_core.o
                0x080033f0                USBD_Start
 .text.USBD_SetClassConfig
                0x080033fa       0x1a Middlewares/ST/STM32_USB_Device_Library/Core/Src/usbd_core.o
                0x080033fa                USBD_SetClassConfig
 .text.USBD_ClrClassConfig
                0x08003414        0xe Middlewares/ST/STM32_USB_Device_Library/Core/Src/usbd_core.o
                0x08003414                USBD_ClrClassConfig
 .text.USBD_LL_SetupStage
                0x08003422       0x5a Middlewares/ST/STM32_USB_Device_Library/Core/Src/usbd_core.o
                0x08003422                USBD_LL_SetupStage
 .text.USBD_LL_DataOutStage
                0x0800347c       0x6a Middlewares/ST/STM32_USB_Device_Library/Core/Src/usbd_core.o
                0x0800347c                USBD_LL_DataOutStage
 .text.USBD_LL_DataInStage
                0x080034e6       0xb2 Middlewares/ST/STM32_USB_Device_Library/Core/Src/usbd_core.o
                0x080034e6                USBD_LL_DataInStage
 .text.USBD_LL_Reset
                0x08003598       0x3e Middlewares/ST/STM32_USB_Device_Library/Core/Src/usbd_core.o
                0x08003598                USBD_LL_Reset
 .text.USBD_LL_SetSpeed
                0x080035d6        0x6 Middlewares/ST/STM32_USB_Device_Library/Core/Src/usbd_core.o
                0x080035d6                USBD_LL_SetSpeed
 .text.USBD_LL_Suspend
                0x080035dc       0x12 Middlewares/ST/STM32_USB_Device_Library/Core/Src/usbd_core.o
                0x080035dc                USBD_LL_Suspend
 .text.USBD_LL_Resume
                0x080035ee        0xc Middlewares/ST/STM32_USB_Device_Library/Core/Src/usbd_core.o
                0x080035ee                USBD_LL_Resume
 .text.USBD_LL_SOF
                0x080035fa       0x1c Middlewares/ST/STM32_USB_Device_Library/Core/Src/usbd_core.o
                0x080035fa                USBD_LL_SOF
 .text.USBD_LL_IsoINIncomplete
                0x08003616        0x4 Middlewares/ST/STM32_USB_Device_Library/Core/Src/usbd_core.o
                0x08003616                USBD_LL_IsoINIncomplete
 .text.USBD_LL_IsoOUTIncomplete
                0x0800361a        0x4 Middlewares/ST/STM32_USB_Device_Library/Core/Src/usbd_core.o
                0x0800361a                USBD_LL_IsoOUTIncomplete
 .text.USBD_LL_DevConnected
                0x0800361e        0x4 Middlewares/ST/STM32_USB_Device_Library/Core/Src/usbd_core.o
                0x0800361e                USBD_LL_DevConnected
 .text.USBD_LL_DevDisconnected
                0x08003622       0x16 Middlewares/ST/STM32_USB_Device_Library/Core/Src/usbd_core.o
                0x08003622                USBD_LL_DevDisconnected
 .text.USBD_GetLen
                0x08003638       0x14 Middlewares/ST/STM32_USB_Device_Library/Core/Src/usbd_ctlreq.o
 .text.USBD_SetFeature
                0x0800364c       0x20 Middlewares/ST/STM32_USB_Device_Library/Core/Src/usbd_ctlreq.o
 .text.USBD_ParseSetupRequest
                0x0800366c       0x28 Middlewares/ST/STM32_USB_Device_Library/Core/Src/usbd_ctlreq.o
                0x0800366c                USBD_ParseSetupRequest
 .text.USBD_CtlError
                0x08003694       0x14 Middlewares/ST/STM32_USB_Device_Library/Core/Src/usbd_ctlreq.o
                0x08003694                USBD_CtlError
 .text.USBD_GetDescriptor
                0x080036a8      0x14a Middlewares/ST/STM32_USB_Device_Library/Core/Src/usbd_ctlreq.o
 .text.USBD_SetAddress
                0x080037f2       0x4a Middlewares/ST/STM32_USB_Device_Library/Core/Src/usbd_ctlreq.o
 .text.USBD_SetConfig
                0x0800383c       0xa4 Middlewares/ST/STM32_USB_Device_Library/Core/Src/usbd_ctlreq.o
 .text.USBD_GetConfig
                0x080038e0       0x3a Middlewares/ST/STM32_USB_Device_Library/Core/Src/usbd_ctlreq.o
 .text.USBD_GetStatus
                0x0800391a       0x2c Middlewares/ST/STM32_USB_Device_Library/Core/Src/usbd_ctlreq.o
 .text.USBD_ClrFeature
                0x08003946       0x32 Middlewares/ST/STM32_USB_Device_Library/Core/Src/usbd_ctlreq.o
 .text.USBD_StdDevReq
                0x08003978       0x48 Middlewares/ST/STM32_USB_Device_Library/Core/Src/usbd_ctlreq.o
                0x08003978                USBD_StdDevReq
 .text.USBD_StdItfReq
                0x080039c0       0x38 Middlewares/ST/STM32_USB_Device_Library/Core/Src/usbd_ctlreq.o
                0x080039c0                USBD_StdItfReq
 .text.USBD_StdEPReq
                0x080039f8      0x11c Middlewares/ST/STM32_USB_Device_Library/Core/Src/usbd_ctlreq.o
                0x080039f8                USBD_StdEPReq
 .text.USBD_GetString
                0x08003b14       0x3a Middlewares/ST/STM32_USB_Device_Library/Core/Src/usbd_ctlreq.o
                0x08003b14                USBD_GetString
 .text.USBD_CtlSendData
                0x08003b4e       0x1a Middlewares/ST/STM32_USB_Device_Library/Core/Src/usbd_ioreq.o
                0x08003b4e                USBD_CtlSendData
 .text.USBD_CtlContinueSendData
                0x08003b68       0x10 Middlewares/ST/STM32_USB_Device_Library/Core/Src/usbd_ioreq.o
                0x08003b68                USBD_CtlContinueSendData
 .text.USBD_CtlPrepareRx
                0x08003b78       0x1e Middlewares/ST/STM32_USB_Device_Library/Core/Src/usbd_ioreq.o
                0x08003b78                USBD_CtlPrepareRx
 .text.USBD_CtlContinueRx
                0x08003b96       0x10 Middlewares/ST/STM32_USB_Device_Library/Core/Src/usbd_ioreq.o
                0x08003b96                USBD_CtlContinueRx
 .text.USBD_CtlSendStatus
                0x08003ba6       0x16 Middlewares/ST/STM32_USB_Device_Library/Core/Src/usbd_ioreq.o
                0x08003ba6                USBD_CtlSendStatus
 .text.USBD_CtlReceiveStatus
                0x08003bbc       0x16 Middlewares/ST/STM32_USB_Device_Library/Core/Src/usbd_ioreq.o
                0x08003bbc                USBD_CtlReceiveStatus
 *fill*         0x08003bd2        0x2 
 .text.MX_DAC_Init
                0x08003bd4       0x5c Src/dac.o
                0x08003bd4                MX_DAC_Init
 .text.HAL_DAC_MspInit
                0x08003c30       0x48 Src/dac.o
                0x08003c30                HAL_DAC_MspInit
 .text.MX_GPIO_Init
                0x08003c78      0x16c Src/gpio.o
                0x08003c78                MX_GPIO_Init
 .text.initArray
                0x08003de4       0x18 Src/main.o
                0x08003de4                initArray
 .text.insert2Array
                0x08003dfc       0x2c Src/main.o
                0x08003dfc                insert2Array
 .text.initArray8
                0x08003e28       0x18 Src/main.o
                0x08003e28                initArray8
 .text.insert2Array8
                0x08003e40       0x28 Src/main.o
                0x08003e40                insert2Array8
 .text.freeArray8
                0x08003e68       0x14 Src/main.o
                0x08003e68                freeArray8
 .text.interpol
                0x08003e7c       0x52 Src/main.o
                0x08003e7c                interpol
 .text.parseString
                0x08003ece      0x16a Src/main.o
                0x08003ece                parseString
 .text.receivedUsbCallback
                0x08004038       0x38 Src/main.o
                0x08004038                receivedUsbCallback
 .text._Error_Handler
                0x08004070        0x2 Src/main.o
                0x08004070                _Error_Handler
 *fill*         0x08004072        0x2 
 .text.SystemClock_Config
                0x08004074       0xf0 Src/main.o
                0x08004074                SystemClock_Config
 .text.main     0x08004164      0x114 Src/main.o
                0x08004164                main
 .text.HAL_MspInit
                0x08004278       0x5e Src/stm32f7xx_hal_msp.o
                0x08004278                HAL_MspInit
 .text.SysTick_Handler
                0x080042d6        0xc Src/stm32f7xx_it.o
                0x080042d6                SysTick_Handler
 *fill*         0x080042e2        0x2 
 .text.OTG_FS_IRQHandler
                0x080042e4       0x10 Src/stm32f7xx_it.o
                0x080042e4                OTG_FS_IRQHandler
 .text.SystemInit
                0x080042f4       0x50 Src/system_stm32f7xx.o
                0x080042f4                SystemInit
 .text.MX_USART3_UART_Init
                0x08004344       0x44 Src/usart.o
                0x08004344                MX_USART3_UART_Init
 .text.HAL_UART_MspInit
                0x08004388       0x50 Src/usart.o
                0x08004388                HAL_UART_MspInit
 .text.MX_USB_DEVICE_Init
                0x080043d8       0x38 Src/usb_device.o
                0x080043d8                MX_USB_DEVICE_Init
 .text.CDC_DeInit_FS
                0x08004410        0x4 Src/usbd_cdc_if.o
 .text.CDC_Control_FS
                0x08004414        0x4 Src/usbd_cdc_if.o
 .text.CDC_Receive_FS
                0x08004418       0x28 Src/usbd_cdc_if.o
 .text.CDC_Init_FS
                0x08004440       0x28 Src/usbd_cdc_if.o
 .text.HAL_PCD_MspInit
                0x08004468       0x84 Src/usbd_conf.o
                0x08004468                HAL_PCD_MspInit
 .text.HAL_PCD_SetupStageCallback
                0x080044ec       0x10 Src/usbd_conf.o
                0x080044ec                HAL_PCD_SetupStageCallback
 .text.HAL_PCD_DataOutStageCallback
                0x080044fc       0x18 Src/usbd_conf.o
                0x080044fc                HAL_PCD_DataOutStageCallback
 .text.HAL_PCD_DataInStageCallback
                0x08004514       0x16 Src/usbd_conf.o
                0x08004514                HAL_PCD_DataInStageCallback
 .text.HAL_PCD_SOFCallback
                0x0800452a        0xc Src/usbd_conf.o
                0x0800452a                HAL_PCD_SOFCallback
 .text.HAL_PCD_ResetCallback
                0x08004536       0x20 Src/usbd_conf.o
                0x08004536                HAL_PCD_ResetCallback
 *fill*         0x08004556        0x2 
 .text.HAL_PCD_SuspendCallback
                0x08004558       0x30 Src/usbd_conf.o
                0x08004558                HAL_PCD_SuspendCallback
 .text.HAL_PCD_ResumeCallback
                0x08004588        0xc Src/usbd_conf.o
                0x08004588                HAL_PCD_ResumeCallback
 .text.HAL_PCD_ISOOUTIncompleteCallback
                0x08004594        0xc Src/usbd_conf.o
                0x08004594                HAL_PCD_ISOOUTIncompleteCallback
 .text.HAL_PCD_ISOINIncompleteCallback
                0x080045a0        0xc Src/usbd_conf.o
                0x080045a0                HAL_PCD_ISOINIncompleteCallback
 .text.HAL_PCD_ConnectCallback
                0x080045ac        0xc Src/usbd_conf.o
                0x080045ac                HAL_PCD_ConnectCallback
 .text.HAL_PCD_DisconnectCallback
                0x080045b8        0xc Src/usbd_conf.o
                0x080045b8                HAL_PCD_DisconnectCallback
 .text.USBD_LL_Init
                0x080045c4       0x74 Src/usbd_conf.o
                0x080045c4                USBD_LL_Init
 .text.USBD_LL_Start
                0x08004638       0x1c Src/usbd_conf.o
                0x08004638                USBD_LL_Start
 .text.USBD_LL_OpenEP
                0x08004654       0x22 Src/usbd_conf.o
                0x08004654                USBD_LL_OpenEP
 .text.USBD_LL_CloseEP
                0x08004676       0x1c Src/usbd_conf.o
                0x08004676                USBD_LL_CloseEP
 .text.USBD_LL_StallEP
                0x08004692       0x1c Src/usbd_conf.o
                0x08004692                USBD_LL_StallEP
 .text.USBD_LL_ClearStallEP
                0x080046ae       0x1c Src/usbd_conf.o
                0x080046ae                USBD_LL_ClearStallEP
 .text.USBD_LL_IsStallEP
                0x080046ca       0x2e Src/usbd_conf.o
                0x080046ca                USBD_LL_IsStallEP
 .text.USBD_LL_SetUSBAddress
                0x080046f8       0x1c Src/usbd_conf.o
                0x080046f8                USBD_LL_SetUSBAddress
 .text.USBD_LL_Transmit
                0x08004714       0x1c Src/usbd_conf.o
                0x08004714                USBD_LL_Transmit
 .text.USBD_LL_PrepareReceive
                0x08004730       0x1c Src/usbd_conf.o
                0x08004730                USBD_LL_PrepareReceive
 .text.USBD_LL_GetRxDataSize
                0x0800474c        0xc Src/usbd_conf.o
                0x0800474c                USBD_LL_GetRxDataSize
 .text.HAL_PCDEx_LPM_Callback
                0x08004758       0x64 Src/usbd_conf.o
                0x08004758                HAL_PCDEx_LPM_Callback
 .text.USBD_FS_DeviceDescriptor
                0x080047bc        0xc Src/usbd_desc.o
                0x080047bc                USBD_FS_DeviceDescriptor
 .text.USBD_FS_LangIDStrDescriptor
                0x080047c8        0xc Src/usbd_desc.o
                0x080047c8                USBD_FS_LangIDStrDescriptor
 .text.USBD_FS_USR_BOSDescriptor
                0x080047d4        0xc Src/usbd_desc.o
                0x080047d4                USBD_FS_USR_BOSDescriptor
 .text.USBD_FS_ProductStrDescriptor
                0x080047e0       0x24 Src/usbd_desc.o
                0x080047e0                USBD_FS_ProductStrDescriptor
 .text.USBD_FS_ManufacturerStrDescriptor
                0x08004804       0x1c Src/usbd_desc.o
                0x08004804                USBD_FS_ManufacturerStrDescriptor
 .text.USBD_FS_SerialStrDescriptor
                0x08004820       0x24 Src/usbd_desc.o
                0x08004820                USBD_FS_SerialStrDescriptor
 .text.USBD_FS_ConfigStrDescriptor
                0x08004844       0x24 Src/usbd_desc.o
                0x08004844                USBD_FS_ConfigStrDescriptor
 .text.USBD_FS_InterfaceStrDescriptor
                0x08004868       0x24 Src/usbd_desc.o
                0x08004868                USBD_FS_InterfaceStrDescriptor
 .text.Reset_Handler
                0x0800488c       0x50 startup/startup_stm32f767xx.o
                0x0800488c                Reset_Handler
 .text.Default_Handler
                0x080048dc        0x2 startup/startup_stm32f767xx.o
                0x080048dc                RTC_Alarm_IRQHandler
                0x080048dc                EXTI2_IRQHandler
                0x080048dc                TIM8_CC_IRQHandler
                0x080048dc                DebugMon_Handler
                0x080048dc                UART8_IRQHandler
                0x080048dc                SPI4_IRQHandler
                0x080048dc                TIM1_CC_IRQHandler
                0x080048dc                DMA2_Stream5_IRQHandler
                0x080048dc                HardFault_Handler
                0x080048dc                JPEG_IRQHandler
                0x080048dc                DMA1_Stream5_IRQHandler
                0x080048dc                CAN3_RX1_IRQHandler
                0x080048dc                PVD_IRQHandler
                0x080048dc                TAMP_STAMP_IRQHandler
                0x080048dc                PendSV_Handler
                0x080048dc                NMI_Handler
                0x080048dc                CAN2_RX1_IRQHandler
                0x080048dc                EXTI3_IRQHandler
                0x080048dc                TIM8_TRG_COM_TIM14_IRQHandler
                0x080048dc                DFSDM1_FLT1_IRQHandler
                0x080048dc                TIM1_UP_TIM10_IRQHandler
                0x080048dc                TIM8_UP_TIM13_IRQHandler
                0x080048dc                I2C3_ER_IRQHandler
                0x080048dc                DFSDM1_FLT2_IRQHandler
                0x080048dc                EXTI0_IRQHandler
                0x080048dc                I2C2_EV_IRQHandler
                0x080048dc                DMA1_Stream2_IRQHandler
                0x080048dc                CAN1_RX0_IRQHandler
                0x080048dc                FPU_IRQHandler
                0x080048dc                OTG_HS_WKUP_IRQHandler
                0x080048dc                CAN3_SCE_IRQHandler
                0x080048dc                UsageFault_Handler
                0x080048dc                LTDC_ER_IRQHandler
                0x080048dc                CAN2_SCE_IRQHandler
                0x080048dc                DMA2_Stream2_IRQHandler
                0x080048dc                SPI1_IRQHandler
                0x080048dc                TIM6_DAC_IRQHandler
                0x080048dc                TIM1_BRK_TIM9_IRQHandler
                0x080048dc                DCMI_IRQHandler
                0x080048dc                CAN2_RX0_IRQHandler
                0x080048dc                DMA2_Stream3_IRQHandler
                0x080048dc                SAI2_IRQHandler
                0x080048dc                DFSDM1_FLT3_IRQHandler
                0x080048dc                USART6_IRQHandler
                0x080048dc                CAN3_RX0_IRQHandler
                0x080048dc                USART3_IRQHandler
                0x080048dc                CAN1_RX1_IRQHandler
                0x080048dc                UART5_IRQHandler
                0x080048dc                DMA2_Stream0_IRQHandler
                0x080048dc                TIM4_IRQHandler
                0x080048dc                QUADSPI_IRQHandler
                0x080048dc                I2C1_EV_IRQHandler
                0x080048dc                DMA1_Stream6_IRQHandler
                0x080048dc                DMA1_Stream1_IRQHandler
                0x080048dc                UART4_IRQHandler
                0x080048dc                TIM3_IRQHandler
                0x080048dc                RCC_IRQHandler
                0x080048dc                TIM8_BRK_TIM12_IRQHandler
                0x080048dc                Default_Handler
                0x080048dc                CEC_IRQHandler
                0x080048dc                EXTI15_10_IRQHandler
                0x080048dc                ADC_IRQHandler
                0x080048dc                DMA1_Stream7_IRQHandler
                0x080048dc                SPI5_IRQHandler
                0x080048dc                TIM7_IRQHandler
                0x080048dc                SDMMC1_IRQHandler
                0x080048dc                CAN2_TX_IRQHandler
                0x080048dc                TIM5_IRQHandler
                0x080048dc                DMA2_Stream7_IRQHandler
                0x080048dc                I2C3_EV_IRQHandler
                0x080048dc                EXTI9_5_IRQHandler
                0x080048dc                RTC_WKUP_IRQHandler
                0x080048dc                LTDC_IRQHandler
                0x080048dc                ETH_WKUP_IRQHandler
                0x080048dc                SPDIF_RX_IRQHandler
                0x080048dc                SPI2_IRQHandler
                0x080048dc                OTG_HS_EP1_IN_IRQHandler
                0x080048dc                MemManage_Handler
                0x080048dc                DMA1_Stream0_IRQHandler
                0x080048dc                CAN1_TX_IRQHandler
                0x080048dc                SVC_Handler
                0x080048dc                EXTI4_IRQHandler
                0x080048dc                RNG_IRQHandler
                0x080048dc                ETH_IRQHandler
                0x080048dc                OTG_HS_EP1_OUT_IRQHandler
                0x080048dc                WWDG_IRQHandler
                0x080048dc                SPI6_IRQHandler
                0x080048dc                MDIOS_IRQHandler
                0x080048dc                I2C4_EV_IRQHandler
                0x080048dc                CAN3_TX_IRQHandler
                0x080048dc                TIM2_IRQHandler
                0x080048dc                OTG_FS_WKUP_IRQHandler
                0x080048dc                TIM1_TRG_COM_TIM11_IRQHandler
                0x080048dc                OTG_HS_IRQHandler
                0x080048dc                DMA2D_IRQHandler
                0x080048dc                EXTI1_IRQHandler
                0x080048dc                SDMMC2_IRQHandler
                0x080048dc                UART7_IRQHandler
                0x080048dc                USART2_IRQHandler
                0x080048dc                DFSDM1_FLT0_IRQHandler
                0x080048dc                I2C2_ER_IRQHandler
                0x080048dc                DMA2_Stream1_IRQHandler
                0x080048dc                CAN1_SCE_IRQHandler
                0x080048dc                FLASH_IRQHandler
                0x080048dc                DMA2_Stream4_IRQHandler
                0x080048dc                BusFault_Handler
                0x080048dc                USART1_IRQHandler
                0x080048dc                SPI3_IRQHandler
                0x080048dc                DMA1_Stream4_IRQHandler
                0x080048dc                I2C1_ER_IRQHandler
                0x080048dc                FMC_IRQHandler
                0x080048dc                LPTIM1_IRQHandler
                0x080048dc                I2C4_ER_IRQHandler
                0x080048dc                DMA2_Stream6_IRQHandler
                0x080048dc                SAI1_IRQHandler
                0x080048dc                DMA1_Stream3_IRQHandler
 *fill*         0x080048de        0x2 
 .text.__libc_init_array
                0x080048e0       0x48 c:/ac6/systemworkbench/plugins/fr.ac6.mcu.externaltools.arm-none.win32_1.15.0.201708311556/tools/compiler/bin/../lib/gcc/arm-none-eabi/6.3.1/../../../../arm-none-eabi/lib/thumb/v7e-m/fpv5/hard\libc_nano.a(lib_a-init.o)
                0x080048e0                __libc_init_array
 .text.malloc   0x08004928       0x10 c:/ac6/systemworkbench/plugins/fr.ac6.mcu.externaltools.arm-none.win32_1.15.0.201708311556/tools/compiler/bin/../lib/gcc/arm-none-eabi/6.3.1/../../../../arm-none-eabi/lib/thumb/v7e-m/fpv5/hard\libc_nano.a(lib_a-malloc.o)
                0x08004928                malloc
 .text.free     0x08004938       0x10 c:/ac6/systemworkbench/plugins/fr.ac6.mcu.externaltools.arm-none.win32_1.15.0.201708311556/tools/compiler/bin/../lib/gcc/arm-none-eabi/6.3.1/../../../../arm-none-eabi/lib/thumb/v7e-m/fpv5/hard\libc_nano.a(lib_a-malloc.o)
                0x08004938                free
 .text._free_r  0x08004948       0x9c c:/ac6/systemworkbench/plugins/fr.ac6.mcu.externaltools.arm-none.win32_1.15.0.201708311556/tools/compiler/bin/../lib/gcc/arm-none-eabi/6.3.1/../../../../arm-none-eabi/lib/thumb/v7e-m/fpv5/hard\libc_nano.a(lib_a-nano-freer.o)
                0x08004948                _free_r
 .text._malloc_r
                0x080049e4       0xbc c:/ac6/systemworkbench/plugins/fr.ac6.mcu.externaltools.arm-none.win32_1.15.0.201708311556/tools/compiler/bin/../lib/gcc/arm-none-eabi/6.3.1/../../../../arm-none-eabi/lib/thumb/v7e-m/fpv5/hard\libc_nano.a(lib_a-nano-mallocr.o)
                0x080049e4                _malloc_r
 .text.realloc  0x08004aa0       0x10 c:/ac6/systemworkbench/plugins/fr.ac6.mcu.externaltools.arm-none.win32_1.15.0.201708311556/tools/compiler/bin/../lib/gcc/arm-none-eabi/6.3.1/../../../../arm-none-eabi/lib/thumb/v7e-m/fpv5/hard\libc_nano.a(lib_a-realloc.o)
                0x08004aa0                realloc
 .text._sbrk_r  0x08004ab0       0x20 c:/ac6/systemworkbench/plugins/fr.ac6.mcu.externaltools.arm-none.win32_1.15.0.201708311556/tools/compiler/bin/../lib/gcc/arm-none-eabi/6.3.1/../../../../arm-none-eabi/lib/thumb/v7e-m/fpv5/hard\libc_nano.a(lib_a-sbrkr.o)
                0x08004ab0                _sbrk_r
 .text.__malloc_lock
                0x08004ad0        0x2 c:/ac6/systemworkbench/plugins/fr.ac6.mcu.externaltools.arm-none.win32_1.15.0.201708311556/tools/compiler/bin/../lib/gcc/arm-none-eabi/6.3.1/../../../../arm-none-eabi/lib/thumb/v7e-m/fpv5/hard\libc_nano.a(lib_a-mlock.o)
                0x08004ad0                __malloc_lock
 .text.__malloc_unlock
                0x08004ad2        0x2 c:/ac6/systemworkbench/plugins/fr.ac6.mcu.externaltools.arm-none.win32_1.15.0.201708311556/tools/compiler/bin/../lib/gcc/arm-none-eabi/6.3.1/../../../../arm-none-eabi/lib/thumb/v7e-m/fpv5/hard\libc_nano.a(lib_a-mlock.o)
                0x08004ad2                __malloc_unlock
 .text._realloc_r
                0x08004ad4       0x4c c:/ac6/systemworkbench/plugins/fr.ac6.mcu.externaltools.arm-none.win32_1.15.0.201708311556/tools/compiler/bin/../lib/gcc/arm-none-eabi/6.3.1/../../../../arm-none-eabi/lib/thumb/v7e-m/fpv5/hard\libc_nano.a(lib_a-nano-reallocr.o)
                0x08004ad4                _realloc_r
 .text.memcpy   0x08004b20       0x16 c:/ac6/systemworkbench/plugins/fr.ac6.mcu.externaltools.arm-none.win32_1.15.0.201708311556/tools/compiler/bin/../lib/gcc/arm-none-eabi/6.3.1/../../../../arm-none-eabi/lib/thumb/v7e-m/fpv5/hard\libc_nano.a(lib_a-memcpy-stub.o)
                0x08004b20                memcpy
 .text._malloc_usable_size_r
                0x08004b36       0x12 c:/ac6/systemworkbench/plugins/fr.ac6.mcu.externaltools.arm-none.win32_1.15.0.201708311556/tools/compiler/bin/../lib/gcc/arm-none-eabi/6.3.1/../../../../arm-none-eabi/lib/thumb/v7e-m/fpv5/hard\libc_nano.a(lib_a-nano-msizer.o)
                0x08004b36                _malloc_usable_size_r
 .text._sbrk    0x08004b48       0x1c c:/ac6/systemworkbench/plugins/fr.ac6.mcu.externaltools.arm-none.win32_1.15.0.201708311556/tools/compiler/bin/../lib/gcc/arm-none-eabi/6.3.1/../../../../arm-none-eabi/lib/thumb/v7e-m/fpv5/hard\libnosys.a(sbrk.o)
                0x08004b48                _sbrk
 *(.glue_7)
 .glue_7        0x08004b64        0x0 linker stubs
 *(.glue_7t)
 .glue_7t       0x08004b64        0x0 linker stubs
 *(.eh_frame)
 .eh_frame      0x08004b64        0x0 c:/ac6/systemworkbench/plugins/fr.ac6.mcu.externaltools.arm-none.win32_1.15.0.201708311556/tools/compiler/bin/../lib/gcc/arm-none-eabi/6.3.1/thumb/v7e-m/fpv5/hard/crtbegin.o
 *(.init)
 .init          0x08004b64        0x4 c:/ac6/systemworkbench/plugins/fr.ac6.mcu.externaltools.arm-none.win32_1.15.0.201708311556/tools/compiler/bin/../lib/gcc/arm-none-eabi/6.3.1/thumb/v7e-m/fpv5/hard/crti.o
                0x08004b64                _init
 .init          0x08004b68        0x8 c:/ac6/systemworkbench/plugins/fr.ac6.mcu.externaltools.arm-none.win32_1.15.0.201708311556/tools/compiler/bin/../lib/gcc/arm-none-eabi/6.3.1/thumb/v7e-m/fpv5/hard/crtn.o
 *(.fini)
 .fini          0x08004b70        0x4 c:/ac6/systemworkbench/plugins/fr.ac6.mcu.externaltools.arm-none.win32_1.15.0.201708311556/tools/compiler/bin/../lib/gcc/arm-none-eabi/6.3.1/thumb/v7e-m/fpv5/hard/crti.o
                0x08004b70                _fini
 .fini          0x08004b74        0x8 c:/ac6/systemworkbench/plugins/fr.ac6.mcu.externaltools.arm-none.win32_1.15.0.201708311556/tools/compiler/bin/../lib/gcc/arm-none-eabi/6.3.1/thumb/v7e-m/fpv5/hard/crtn.o
                0x08004b7c                . = ALIGN (0x4)
                0x08004b7c                _etext = .

.vfp11_veneer   0x08004b7c        0x0
 .vfp11_veneer  0x08004b7c        0x0 linker stubs

.v4_bx          0x08004b7c        0x0
 .v4_bx         0x08004b7c        0x0 linker stubs

.iplt           0x08004b7c        0x0
 .iplt          0x08004b7c        0x0 c:/ac6/systemworkbench/plugins/fr.ac6.mcu.externaltools.arm-none.win32_1.15.0.201708311556/tools/compiler/bin/../lib/gcc/arm-none-eabi/6.3.1/thumb/v7e-m/fpv5/hard/crtbegin.o

.rodata         0x08004b7c       0xb4
                0x08004b7c                . = ALIGN (0x4)
 *(.rodata)
 .rodata        0x08004b7c       0x18 Src/system_stm32f7xx.o
                0x08004b7c                AHBPrescTable
                0x08004b8c                APBPrescTable
 *(.rodata*)
 .rodata.str1.4
                0x08004b94        0xd Src/dac.o
 *fill*         0x08004ba1        0x3 
 .rodata.str1.4
                0x08004ba4        0xe Src/main.o
 *fill*         0x08004bb2        0x2 
 .rodata.str1.4
                0x08004bb4        0xf Src/usart.o
 *fill*         0x08004bc3        0x1 
 .rodata.str1.4
                0x08004bc4       0x13 Src/usbd_conf.o
 *fill*         0x08004bd7        0x1 
 .rodata.str1.4
                0x08004bd8       0x58 Src/usbd_desc.o
                                 0x56 (size before relaxing)
                0x08004c30                . = ALIGN (0x4)

.ARM.extab
 *(.ARM.extab* .gnu.linkonce.armextab.*)

.ARM            0x08004c30        0x8
                0x08004c30                __exidx_start = .
 *(.ARM.exidx*)
 .ARM.exidx     0x08004c30        0x8 c:/ac6/systemworkbench/plugins/fr.ac6.mcu.externaltools.arm-none.win32_1.15.0.201708311556/tools/compiler/bin/../lib/gcc/arm-none-eabi/6.3.1/thumb/v7e-m/fpv5/hard\libgcc.a(_udivmoddi4.o)
                0x08004c38                __exidx_end = .

.rel.dyn        0x08004c38        0x0
 .rel.iplt      0x08004c38        0x0 c:/ac6/systemworkbench/plugins/fr.ac6.mcu.externaltools.arm-none.win32_1.15.0.201708311556/tools/compiler/bin/../lib/gcc/arm-none-eabi/6.3.1/thumb/v7e-m/fpv5/hard/crtbegin.o

.preinit_array  0x08004c38        0x0
                0x08004c38                PROVIDE (__preinit_array_start, .)
 *(.preinit_array*)
                0x08004c38                PROVIDE (__preinit_array_end, .)

.init_array     0x08004c38        0x4
                0x08004c38                PROVIDE (__init_array_start, .)
 *(SORT(.init_array.*))
 *(.init_array*)
 .init_array    0x08004c38        0x4 c:/ac6/systemworkbench/plugins/fr.ac6.mcu.externaltools.arm-none.win32_1.15.0.201708311556/tools/compiler/bin/../lib/gcc/arm-none-eabi/6.3.1/thumb/v7e-m/fpv5/hard/crtbegin.o
                0x08004c3c                PROVIDE (__init_array_end, .)

.fini_array     0x08004c3c        0x4
                [!provide]                PROVIDE (__fini_array_start, .)
 *(SORT(.fini_array.*))
 *(.fini_array*)
 .fini_array    0x08004c3c        0x4 c:/ac6/systemworkbench/plugins/fr.ac6.mcu.externaltools.arm-none.win32_1.15.0.201708311556/tools/compiler/bin/../lib/gcc/arm-none-eabi/6.3.1/thumb/v7e-m/fpv5/hard/crtbegin.o
                [!provide]                PROVIDE (__fini_array_end, .)
                0x08004c40                _sidata = LOADADDR (.data)

.data           0x20000000      0x1d4 load address 0x08004c40
                0x20000000                . = ALIGN (0x4)
                0x20000000                _sdata = .
 *(.data)
 .data          0x20000000        0x8 Drivers/STM32F7xx_HAL_Driver/Src/stm32f7xx_hal.o
                0x20000000                uwTickFreq
                0x20000004                uwTickPrio
 .data          0x20000008      0x110 Middlewares/ST/STM32_USB_Device_Library/Class/CDC/Src/usbd_cdc.o
                0x20000008                USBD_CDC_CfgFSDesc
                0x2000004c                USBD_CDC_CfgHSDesc
                0x20000090                USBD_CDC_OtherSpeedCfgDesc
                0x200000e0                USBD_CDC
 .data          0x20000118        0x4 Src/system_stm32f7xx.o
                0x20000118                SystemCoreClock
 .data          0x2000011c       0x10 Src/usbd_cdc_if.o
                0x2000011c                USBD_Interface_fops_FS
 .data          0x2000012c       0x44 Src/usbd_desc.o
                0x2000012c                USBD_FS_DeviceDesc
                0x20000140                USBD_LangIDDesc
                0x20000144                USBD_FS_BOSDesc
                0x20000150                FS_Desc
 *(.data*)
 .data._impure_ptr
                0x20000170        0x4 c:/ac6/systemworkbench/plugins/fr.ac6.mcu.externaltools.arm-none.win32_1.15.0.201708311556/tools/compiler/bin/../lib/gcc/arm-none-eabi/6.3.1/../../../../arm-none-eabi/lib/thumb/v7e-m/fpv5/hard\libc_nano.a(lib_a-impure.o)
                0x20000170                _impure_ptr
 .data.impure_data
                0x20000174       0x60 c:/ac6/systemworkbench/plugins/fr.ac6.mcu.externaltools.arm-none.win32_1.15.0.201708311556/tools/compiler/bin/../lib/gcc/arm-none-eabi/6.3.1/../../../../arm-none-eabi/lib/thumb/v7e-m/fpv5/hard\libc_nano.a(lib_a-impure.o)
                0x200001d4                . = ALIGN (0x4)
                0x200001d4                _edata = .

.jcr            0x200001d4        0x0 load address 0x08004e14
 .jcr           0x200001d4        0x0 c:/ac6/systemworkbench/plugins/fr.ac6.mcu.externaltools.arm-none.win32_1.15.0.201708311556/tools/compiler/bin/../lib/gcc/arm-none-eabi/6.3.1/thumb/v7e-m/fpv5/hard/crtbegin.o

.igot.plt       0x200001d4        0x0 load address 0x08004e14
 .igot.plt      0x200001d4        0x0 c:/ac6/systemworkbench/plugins/fr.ac6.mcu.externaltools.arm-none.win32_1.15.0.201708311556/tools/compiler/bin/../lib/gcc/arm-none-eabi/6.3.1/thumb/v7e-m/fpv5/hard/crtbegin.o
                0x200001d4                . = ALIGN (0x4)

.bss            0x200001d4     0x18f8 load address 0x08004e14
                0x200001d4                _sbss = .
                0x200001d4                __bss_start__ = _sbss
 *(.bss)
 .bss           0x200001d4       0x1c c:/ac6/systemworkbench/plugins/fr.ac6.mcu.externaltools.arm-none.win32_1.15.0.201708311556/tools/compiler/bin/../lib/gcc/arm-none-eabi/6.3.1/thumb/v7e-m/fpv5/hard/crtbegin.o
 .bss           0x200001f0        0x1 Middlewares/ST/STM32_USB_Device_Library/Class/CDC/Src/usbd_cdc.o
 .bss           0x200001f1        0x1 Middlewares/ST/STM32_USB_Device_Library/Core/Src/usbd_ctlreq.o
 *fill*         0x200001f2        0x2 
 .bss           0x200001f4        0x4 Src/main.o
                0x200001f4                interMsgSizeGlob
 *(.bss*)
 .bss.__malloc_free_list
                0x200001f8        0x4 c:/ac6/systemworkbench/plugins/fr.ac6.mcu.externaltools.arm-none.win32_1.15.0.201708311556/tools/compiler/bin/../lib/gcc/arm-none-eabi/6.3.1/../../../../arm-none-eabi/lib/thumb/v7e-m/fpv5/hard\libc_nano.a(lib_a-nano-mallocr.o)
                0x200001f8                __malloc_free_list
 .bss.__malloc_sbrk_start
                0x200001fc        0x4 c:/ac6/systemworkbench/plugins/fr.ac6.mcu.externaltools.arm-none.win32_1.15.0.201708311556/tools/compiler/bin/../lib/gcc/arm-none-eabi/6.3.1/../../../../arm-none-eabi/lib/thumb/v7e-m/fpv5/hard\libc_nano.a(lib_a-nano-mallocr.o)
                0x200001fc                __malloc_sbrk_start
 .bss.heap_end.5239
                0x20000200        0x4 c:/ac6/systemworkbench/plugins/fr.ac6.mcu.externaltools.arm-none.win32_1.15.0.201708311556/tools/compiler/bin/../lib/gcc/arm-none-eabi/6.3.1/../../../../arm-none-eabi/lib/thumb/v7e-m/fpv5/hard\libnosys.a(sbrk.o)
 *(COMMON)
 COMMON         0x20000204        0x4 Drivers/STM32F7xx_HAL_Driver/Src/stm32f7xx_hal.o
                0x20000204                uwTick
 COMMON         0x20000208       0x14 Src/dac.o
                0x20000208                hdac
 COMMON         0x2000021c       0x18 Src/main.o
                0x2000021c                cyclesToWait
                0x20000220                interMsgSave
                0x20000224                Arrs
                0x20000230                startCycle
 COMMON         0x20000234       0x70 Src/usart.o
                0x20000234                huart3
 COMMON         0x200002a4      0x224 Src/usb_device.o
                0x200002a4                hUsbDeviceFS
 COMMON         0x200004c8     0x1000 Src/usbd_cdc_if.o
                0x200004c8                UserRxBufferFS
                0x20000cc8                UserTxBufferFS
 COMMON         0x200014c8      0x400 Src/usbd_conf.o
                0x200014c8                hpcd_USB_OTG_FS
 COMMON         0x200018c8      0x200 Src/usbd_desc.o
                0x200018c8                USBD_StrDesc
 COMMON         0x20001ac8        0x4 c:/ac6/systemworkbench/plugins/fr.ac6.mcu.externaltools.arm-none.win32_1.15.0.201708311556/tools/compiler/bin/../lib/gcc/arm-none-eabi/6.3.1/../../../../arm-none-eabi/lib/thumb/v7e-m/fpv5/hard\libc_nano.a(lib_a-reent.o)
                0x20001ac8                errno
                0x20001acc                . = ALIGN (0x4)
                0x20001acc                _ebss = .
                0x20001acc                __bss_end__ = _ebss

._user_heap_stack
                0x20001acc     0x6004 load address 0x08004e14
                0x20001ad0                . = ALIGN (0x8)
 *fill*         0x20001acc        0x4 
                0x20001ad0                PROVIDE (end, .)
                [!provide]                PROVIDE (_end, .)
                0x20003ad0                . = (. + _Min_Heap_Size)
 *fill*         0x20001ad0     0x2000 
                0x20007ad0                . = (. + _Min_Stack_Size)
 *fill*         0x20003ad0     0x4000 
                0x20007ad0                . = ALIGN (0x8)

/DISCARD/
 libc.a(*)
 libm.a(*)
 libgcc.a(*)

.ARM.attributes
                0x00000000       0x2e
 *(.ARM.attributes)
 .ARM.attributes
                0x00000000       0x20 c:/ac6/systemworkbench/plugins/fr.ac6.mcu.externaltools.arm-none.win32_1.15.0.201708311556/tools/compiler/bin/../lib/gcc/arm-none-eabi/6.3.1/thumb/v7e-m/fpv5/hard/crti.o
 .ARM.attributes
                0x00000020       0x32 c:/ac6/systemworkbench/plugins/fr.ac6.mcu.externaltools.arm-none.win32_1.15.0.201708311556/tools/compiler/bin/../lib/gcc/arm-none-eabi/6.3.1/thumb/v7e-m/fpv5/hard/crtbegin.o
 .ARM.attributes
                0x00000052       0x37 Drivers/STM32F7xx_HAL_Driver/Src/stm32f7xx_hal.o
 .ARM.attributes
                0x00000089       0x37 Drivers/STM32F7xx_HAL_Driver/Src/stm32f7xx_hal_cortex.o
 .ARM.attributes
                0x000000c0       0x37 Drivers/STM32F7xx_HAL_Driver/Src/stm32f7xx_hal_dac.o
 .ARM.attributes
                0x000000f7       0x37 Drivers/STM32F7xx_HAL_Driver/Src/stm32f7xx_hal_gpio.o
 .ARM.attributes
                0x0000012e       0x37 Drivers/STM32F7xx_HAL_Driver/Src/stm32f7xx_hal_pcd.o
 .ARM.attributes
                0x00000165       0x37 Drivers/STM32F7xx_HAL_Driver/Src/stm32f7xx_hal_pcd_ex.o
 .ARM.attributes
                0x0000019c       0x37 Drivers/STM32F7xx_HAL_Driver/Src/stm32f7xx_hal_pwr_ex.o
 .ARM.attributes
                0x000001d3       0x37 Drivers/STM32F7xx_HAL_Driver/Src/stm32f7xx_hal_rcc.o
 .ARM.attributes
                0x0000020a       0x37 Drivers/STM32F7xx_HAL_Driver/Src/stm32f7xx_hal_rcc_ex.o
 .ARM.attributes
                0x00000241       0x37 Drivers/STM32F7xx_HAL_Driver/Src/stm32f7xx_hal_uart.o
 .ARM.attributes
                0x00000278       0x37 Drivers/STM32F7xx_HAL_Driver/Src/stm32f7xx_ll_usb.o
 .ARM.attributes
                0x000002af       0x37 Middlewares/ST/STM32_USB_Device_Library/Class/CDC/Src/usbd_cdc.o
 .ARM.attributes
                0x000002e6       0x37 Middlewares/ST/STM32_USB_Device_Library/Core/Src/usbd_core.o
 .ARM.attributes
                0x0000031d       0x37 Middlewares/ST/STM32_USB_Device_Library/Core/Src/usbd_ctlreq.o
 .ARM.attributes
                0x00000354       0x37 Middlewares/ST/STM32_USB_Device_Library/Core/Src/usbd_ioreq.o
 .ARM.attributes
                0x0000038b       0x37 Src/dac.o
 .ARM.attributes
                0x000003c2       0x37 Src/gpio.o
 .ARM.attributes
                0x000003f9       0x37 Src/main.o
 .ARM.attributes
                0x00000430       0x37 Src/stm32f7xx_hal_msp.o
 .ARM.attributes
                0x00000467       0x37 Src/stm32f7xx_it.o
 .ARM.attributes
                0x0000049e       0x37 Src/system_stm32f7xx.o
 .ARM.attributes
                0x000004d5       0x37 Src/usart.o
 .ARM.attributes
                0x0000050c       0x37 Src/usb_device.o
 .ARM.attributes
                0x00000543       0x37 Src/usbd_cdc_if.o
 .ARM.attributes
                0x0000057a       0x37 Src/usbd_conf.o
 .ARM.attributes
                0x000005b1       0x37 Src/usbd_desc.o
 .ARM.attributes
                0x000005e8       0x21 startup/startup_stm32f767xx.o
 .ARM.attributes
                0x00000609       0x20 c:/ac6/systemworkbench/plugins/fr.ac6.mcu.externaltools.arm-none.win32_1.15.0.201708311556/tools/compiler/bin/../lib/gcc/arm-none-eabi/6.3.1/thumb/v7e-m/fpv5/hard\libgcc.a(_aeabi_uldivmod.o)
 .ARM.attributes
                0x00000629       0x32 c:/ac6/systemworkbench/plugins/fr.ac6.mcu.externaltools.arm-none.win32_1.15.0.201708311556/tools/compiler/bin/../lib/gcc/arm-none-eabi/6.3.1/thumb/v7e-m/fpv5/hard\libgcc.a(_udivmoddi4.o)
 .ARM.attributes
                0x0000065b       0x20 c:/ac6/systemworkbench/plugins/fr.ac6.mcu.externaltools.arm-none.win32_1.15.0.201708311556/tools/compiler/bin/../lib/gcc/arm-none-eabi/6.3.1/thumb/v7e-m/fpv5/hard\libgcc.a(_dvmd_tls.o)
 .ARM.attributes
                0x0000067b       0x32 c:/ac6/systemworkbench/plugins/fr.ac6.mcu.externaltools.arm-none.win32_1.15.0.201708311556/tools/compiler/bin/../lib/gcc/arm-none-eabi/6.3.1/../../../../arm-none-eabi/lib/thumb/v7e-m/fpv5/hard\libc_nano.a(lib_a-impure.o)
 .ARM.attributes
                0x000006ad       0x32 c:/ac6/systemworkbench/plugins/fr.ac6.mcu.externaltools.arm-none.win32_1.15.0.201708311556/tools/compiler/bin/../lib/gcc/arm-none-eabi/6.3.1/../../../../arm-none-eabi/lib/thumb/v7e-m/fpv5/hard\libc_nano.a(lib_a-init.o)
 .ARM.attributes
                0x000006df       0x32 c:/ac6/systemworkbench/plugins/fr.ac6.mcu.externaltools.arm-none.win32_1.15.0.201708311556/tools/compiler/bin/../lib/gcc/arm-none-eabi/6.3.1/../../../../arm-none-eabi/lib/thumb/v7e-m/fpv5/hard\libc_nano.a(lib_a-malloc.o)
 .ARM.attributes
                0x00000711       0x32 c:/ac6/systemworkbench/plugins/fr.ac6.mcu.externaltools.arm-none.win32_1.15.0.201708311556/tools/compiler/bin/../lib/gcc/arm-none-eabi/6.3.1/../../../../arm-none-eabi/lib/thumb/v7e-m/fpv5/hard\libc_nano.a(lib_a-nano-freer.o)
 .ARM.attributes
                0x00000743       0x32 c:/ac6/systemworkbench/plugins/fr.ac6.mcu.externaltools.arm-none.win32_1.15.0.201708311556/tools/compiler/bin/../lib/gcc/arm-none-eabi/6.3.1/../../../../arm-none-eabi/lib/thumb/v7e-m/fpv5/hard\libc_nano.a(lib_a-nano-mallocr.o)
 .ARM.attributes
                0x00000775       0x32 c:/ac6/systemworkbench/plugins/fr.ac6.mcu.externaltools.arm-none.win32_1.15.0.201708311556/tools/compiler/bin/../lib/gcc/arm-none-eabi/6.3.1/../../../../arm-none-eabi/lib/thumb/v7e-m/fpv5/hard\libc_nano.a(lib_a-realloc.o)
 .ARM.attributes
                0x000007a7       0x32 c:/ac6/systemworkbench/plugins/fr.ac6.mcu.externaltools.arm-none.win32_1.15.0.201708311556/tools/compiler/bin/../lib/gcc/arm-none-eabi/6.3.1/../../../../arm-none-eabi/lib/thumb/v7e-m/fpv5/hard\libc_nano.a(lib_a-sbrkr.o)
 .ARM.attributes
                0x000007d9       0x32 c:/ac6/systemworkbench/plugins/fr.ac6.mcu.externaltools.arm-none.win32_1.15.0.201708311556/tools/compiler/bin/../lib/gcc/arm-none-eabi/6.3.1/../../../../arm-none-eabi/lib/thumb/v7e-m/fpv5/hard\libc_nano.a(lib_a-mlock.o)
 .ARM.attributes
                0x0000080b       0x32 c:/ac6/systemworkbench/plugins/fr.ac6.mcu.externaltools.arm-none.win32_1.15.0.201708311556/tools/compiler/bin/../lib/gcc/arm-none-eabi/6.3.1/../../../../arm-none-eabi/lib/thumb/v7e-m/fpv5/hard\libc_nano.a(lib_a-nano-reallocr.o)
 .ARM.attributes
                0x0000083d       0x32 c:/ac6/systemworkbench/plugins/fr.ac6.mcu.externaltools.arm-none.win32_1.15.0.201708311556/tools/compiler/bin/../lib/gcc/arm-none-eabi/6.3.1/../../../../arm-none-eabi/lib/thumb/v7e-m/fpv5/hard\libc_nano.a(lib_a-reent.o)
 .ARM.attributes
                0x0000086f       0x32 c:/ac6/systemworkbench/plugins/fr.ac6.mcu.externaltools.arm-none.win32_1.15.0.201708311556/tools/compiler/bin/../lib/gcc/arm-none-eabi/6.3.1/../../../../arm-none-eabi/lib/thumb/v7e-m/fpv5/hard\libc_nano.a(lib_a-memcpy-stub.o)
 .ARM.attributes
                0x000008a1       0x32 c:/ac6/systemworkbench/plugins/fr.ac6.mcu.externaltools.arm-none.win32_1.15.0.201708311556/tools/compiler/bin/../lib/gcc/arm-none-eabi/6.3.1/../../../../arm-none-eabi/lib/thumb/v7e-m/fpv5/hard\libc_nano.a(lib_a-nano-msizer.o)
 .ARM.attributes
                0x000008d3       0x32 c:/ac6/systemworkbench/plugins/fr.ac6.mcu.externaltools.arm-none.win32_1.15.0.201708311556/tools/compiler/bin/../lib/gcc/arm-none-eabi/6.3.1/../../../../arm-none-eabi/lib/thumb/v7e-m/fpv5/hard\libnosys.a(sbrk.o)
 .ARM.attributes
                0x00000905       0x20 c:/ac6/systemworkbench/plugins/fr.ac6.mcu.externaltools.arm-none.win32_1.15.0.201708311556/tools/compiler/bin/../lib/gcc/arm-none-eabi/6.3.1/thumb/v7e-m/fpv5/hard/crtn.o
OUTPUT(usb_dac.elf elf32-littlearm)

.debug_info     0x00000000    0x21f60
 .debug_info    0x00000000     0x12f3 Drivers/STM32F7xx_HAL_Driver/Src/stm32f7xx_hal.o
 .debug_info    0x000012f3     0x19be Drivers/STM32F7xx_HAL_Driver/Src/stm32f7xx_hal_cortex.o
 .debug_info    0x00002cb1     0x12f6 Drivers/STM32F7xx_HAL_Driver/Src/stm32f7xx_hal_dac.o
 .debug_info    0x00003fa7      0xfcb Drivers/STM32F7xx_HAL_Driver/Src/stm32f7xx_hal_gpio.o
 .debug_info    0x00004f72     0x1e02 Drivers/STM32F7xx_HAL_Driver/Src/stm32f7xx_hal_pcd.o
 .debug_info    0x00006d74      0xf8a Drivers/STM32F7xx_HAL_Driver/Src/stm32f7xx_hal_pcd_ex.o
 .debug_info    0x00007cfe     0x1250 Drivers/STM32F7xx_HAL_Driver/Src/stm32f7xx_hal_pwr_ex.o
 .debug_info    0x00008f4e     0x136f Drivers/STM32F7xx_HAL_Driver/Src/stm32f7xx_hal_rcc.o
 .debug_info    0x0000a2bd     0x10a2 Drivers/STM32F7xx_HAL_Driver/Src/stm32f7xx_hal_rcc_ex.o
 .debug_info    0x0000b35f     0x206e Drivers/STM32F7xx_HAL_Driver/Src/stm32f7xx_hal_uart.o
 .debug_info    0x0000d3cd     0x1f66 Drivers/STM32F7xx_HAL_Driver/Src/stm32f7xx_ll_usb.o
 .debug_info    0x0000f333     0x1596 Middlewares/ST/STM32_USB_Device_Library/Class/CDC/Src/usbd_cdc.o
 .debug_info    0x000108c9     0x149c Middlewares/ST/STM32_USB_Device_Library/Core/Src/usbd_core.o
 .debug_info    0x00011d65     0x1682 Middlewares/ST/STM32_USB_Device_Library/Core/Src/usbd_ctlreq.o
 .debug_info    0x000133e7      0xfe5 Middlewares/ST/STM32_USB_Device_Library/Core/Src/usbd_ioreq.o
 .debug_info    0x000143cc     0x11f6 Src/dac.o
 .debug_info    0x000155c2      0xe2e Src/gpio.o
 .debug_info    0x000163f0     0x29ec Src/main.o
 .debug_info    0x00018ddc      0xd17 Src/stm32f7xx_hal_msp.o
 .debug_info    0x00019af3      0xe54 Src/stm32f7xx_it.o
 .debug_info    0x0001a947      0xf19 Src/system_stm32f7xx.o
 .debug_info    0x0001b860     0x12a4 Src/usart.o
 .debug_info    0x0001cb04      0xe9d Src/usb_device.o
 .debug_info    0x0001d9a1     0x10de Src/usbd_cdc_if.o
 .debug_info    0x0001ea7f     0x26ab Src/usbd_conf.o
 .debug_info    0x0002112a      0xdcf Src/usbd_desc.o
 .debug_info    0x00021ef9       0x67 startup/startup_stm32f767xx.o

.debug_abbrev   0x00000000     0x46b9
 .debug_abbrev  0x00000000      0x2e3 Drivers/STM32F7xx_HAL_Driver/Src/stm32f7xx_hal.o
 .debug_abbrev  0x000002e3      0x3d4 Drivers/STM32F7xx_HAL_Driver/Src/stm32f7xx_hal_cortex.o
 .debug_abbrev  0x000006b7      0x2d5 Drivers/STM32F7xx_HAL_Driver/Src/stm32f7xx_hal_dac.o
 .debug_abbrev  0x0000098c      0x2a5 Drivers/STM32F7xx_HAL_Driver/Src/stm32f7xx_hal_gpio.o
 .debug_abbrev  0x00000c31      0x347 Drivers/STM32F7xx_HAL_Driver/Src/stm32f7xx_hal_pcd.o
 .debug_abbrev  0x00000f78      0x293 Drivers/STM32F7xx_HAL_Driver/Src/stm32f7xx_hal_pcd_ex.o
 .debug_abbrev  0x0000120b      0x2d9 Drivers/STM32F7xx_HAL_Driver/Src/stm32f7xx_hal_pwr_ex.o
 .debug_abbrev  0x000014e4      0x354 Drivers/STM32F7xx_HAL_Driver/Src/stm32f7xx_hal_rcc.o
 .debug_abbrev  0x00001838      0x29c Drivers/STM32F7xx_HAL_Driver/Src/stm32f7xx_hal_rcc_ex.o
 .debug_abbrev  0x00001ad4      0x312 Drivers/STM32F7xx_HAL_Driver/Src/stm32f7xx_hal_uart.o
 .debug_abbrev  0x00001de6      0x32d Drivers/STM32F7xx_HAL_Driver/Src/stm32f7xx_ll_usb.o
 .debug_abbrev  0x00002113      0x312 Middlewares/ST/STM32_USB_Device_Library/Class/CDC/Src/usbd_cdc.o
 .debug_abbrev  0x00002425      0x2c6 Middlewares/ST/STM32_USB_Device_Library/Core/Src/usbd_core.o
 .debug_abbrev  0x000026eb      0x327 Middlewares/ST/STM32_USB_Device_Library/Core/Src/usbd_ctlreq.o
 .debug_abbrev  0x00002a12      0x213 Middlewares/ST/STM32_USB_Device_Library/Core/Src/usbd_ioreq.o
 .debug_abbrev  0x00002c25      0x256 Src/dac.o
 .debug_abbrev  0x00002e7b      0x229 Src/gpio.o
 .debug_abbrev  0x000030a4      0x339 Src/main.o
 .debug_abbrev  0x000033dd      0x209 Src/stm32f7xx_hal_msp.o
 .debug_abbrev  0x000035e6      0x221 Src/stm32f7xx_it.o
 .debug_abbrev  0x00003807      0x212 Src/system_stm32f7xx.o
 .debug_abbrev  0x00003a19      0x256 Src/usart.o
 .debug_abbrev  0x00003c6f      0x216 Src/usb_device.o
 .debug_abbrev  0x00003e85      0x2c7 Src/usbd_cdc_if.o
 .debug_abbrev  0x0000414c      0x303 Src/usbd_conf.o
 .debug_abbrev  0x0000444f      0x258 Src/usbd_desc.o
 .debug_abbrev  0x000046a7       0x12 startup/startup_stm32f767xx.o

.debug_loc      0x00000000     0x8761
 .debug_loc     0x00000000      0x108 Drivers/STM32F7xx_HAL_Driver/Src/stm32f7xx_hal.o
 .debug_loc     0x00000108      0x5c0 Drivers/STM32F7xx_HAL_Driver/Src/stm32f7xx_hal_cortex.o
 .debug_loc     0x000006c8      0x73d Drivers/STM32F7xx_HAL_Driver/Src/stm32f7xx_hal_dac.o
 .debug_loc     0x00000e05      0x409 Drivers/STM32F7xx_HAL_Driver/Src/stm32f7xx_hal_gpio.o
 .debug_loc     0x0000120e      0xd54 Drivers/STM32F7xx_HAL_Driver/Src/stm32f7xx_hal_pcd.o
 .debug_loc     0x00001f62      0x104 Drivers/STM32F7xx_HAL_Driver/Src/stm32f7xx_hal_pcd_ex.o
 .debug_loc     0x00002066      0x198 Drivers/STM32F7xx_HAL_Driver/Src/stm32f7xx_hal_pwr_ex.o
 .debug_loc     0x000021fe      0x4b8 Drivers/STM32F7xx_HAL_Driver/Src/stm32f7xx_hal_rcc.o
 .debug_loc     0x000026b6      0x61d Drivers/STM32F7xx_HAL_Driver/Src/stm32f7xx_hal_rcc_ex.o
 .debug_loc     0x00002cd3     0x16aa Drivers/STM32F7xx_HAL_Driver/Src/stm32f7xx_hal_uart.o
 .debug_loc     0x0000437d     0x11c1 Drivers/STM32F7xx_HAL_Driver/Src/stm32f7xx_ll_usb.o
 .debug_loc     0x0000553e      0x4b9 Middlewares/ST/STM32_USB_Device_Library/Class/CDC/Src/usbd_cdc.o
 .debug_loc     0x000059f7      0x71c Middlewares/ST/STM32_USB_Device_Library/Core/Src/usbd_core.o
 .debug_loc     0x00006113      0xbba Middlewares/ST/STM32_USB_Device_Library/Core/Src/usbd_ctlreq.o
 .debug_loc     0x00006ccd      0x23c Middlewares/ST/STM32_USB_Device_Library/Core/Src/usbd_ioreq.o
 .debug_loc     0x00006f09       0x5b Src/dac.o
 .debug_loc     0x00006f64      0x5d1 Src/main.o
 .debug_loc     0x00007535      0x13e Src/system_stm32f7xx.o
 .debug_loc     0x00007673       0x5b Src/usart.o
 .debug_loc     0x000076ce      0x129 Src/usbd_cdc_if.o
 .debug_loc     0x000077f7      0xc92 Src/usbd_conf.o
 .debug_loc     0x00008489      0x2d8 Src/usbd_desc.o

.debug_aranges  0x00000000      0xe08
 .debug_aranges
                0x00000000      0x110 Drivers/STM32F7xx_HAL_Driver/Src/stm32f7xx_hal.o
 .debug_aranges
                0x00000110       0xa8 Drivers/STM32F7xx_HAL_Driver/Src/stm32f7xx_hal_cortex.o
 .debug_aranges
                0x000001b8       0xc0 Drivers/STM32F7xx_HAL_Driver/Src/stm32f7xx_hal_dac.o
 .debug_aranges
                0x00000278       0x58 Drivers/STM32F7xx_HAL_Driver/Src/stm32f7xx_hal_gpio.o
 .debug_aranges
                0x000002d0      0x120 Drivers/STM32F7xx_HAL_Driver/Src/stm32f7xx_hal_pcd.o
 .debug_aranges
                0x000003f0       0x40 Drivers/STM32F7xx_HAL_Driver/Src/stm32f7xx_hal_pcd_ex.o
 .debug_aranges
                0x00000430       0x80 Drivers/STM32F7xx_HAL_Driver/Src/stm32f7xx_hal_pwr_ex.o
 .debug_aranges
                0x000004b0       0x88 Drivers/STM32F7xx_HAL_Driver/Src/stm32f7xx_hal_rcc.o
 .debug_aranges
                0x00000538       0x50 Drivers/STM32F7xx_HAL_Driver/Src/stm32f7xx_hal_rcc_ex.o
 .debug_aranges
                0x00000588      0x190 Drivers/STM32F7xx_HAL_Driver/Src/stm32f7xx_hal_uart.o
 .debug_aranges
                0x00000718      0x180 Drivers/STM32F7xx_HAL_Driver/Src/stm32f7xx_ll_usb.o
 .debug_aranges
                0x00000898       0x90 Middlewares/ST/STM32_USB_Device_Library/Class/CDC/Src/usbd_cdc.o
 .debug_aranges
                0x00000928       0xb8 Middlewares/ST/STM32_USB_Device_Library/Core/Src/usbd_core.o
 .debug_aranges
                0x000009e0       0x88 Middlewares/ST/STM32_USB_Device_Library/Core/Src/usbd_ctlreq.o
 .debug_aranges
                0x00000a68       0x50 Middlewares/ST/STM32_USB_Device_Library/Core/Src/usbd_ioreq.o
 .debug_aranges
                0x00000ab8       0x30 Src/dac.o
 .debug_aranges
                0x00000ae8       0x20 Src/gpio.o
 .debug_aranges
                0x00000b08       0x80 Src/main.o
 .debug_aranges
                0x00000b88       0x20 Src/stm32f7xx_hal_msp.o
 .debug_aranges
                0x00000ba8       0x28 Src/stm32f7xx_it.o
 .debug_aranges
                0x00000bd0       0x28 Src/system_stm32f7xx.o
 .debug_aranges
                0x00000bf8       0x30 Src/usart.o
 .debug_aranges
                0x00000c28       0x20 Src/usb_device.o
 .debug_aranges
                0x00000c48       0x40 Src/usbd_cdc_if.o
 .debug_aranges
                0x00000c88      0x100 Src/usbd_conf.o
 .debug_aranges
                0x00000d88       0x58 Src/usbd_desc.o
 .debug_aranges
                0x00000de0       0x28 startup/startup_stm32f767xx.o

.debug_ranges   0x00000000      0xcc0
 .debug_ranges  0x00000000      0x100 Drivers/STM32F7xx_HAL_Driver/Src/stm32f7xx_hal.o
 .debug_ranges  0x00000100       0xf8 Drivers/STM32F7xx_HAL_Driver/Src/stm32f7xx_hal_cortex.o
 .debug_ranges  0x000001f8       0xb0 Drivers/STM32F7xx_HAL_Driver/Src/stm32f7xx_hal_dac.o
 .debug_ranges  0x000002a8       0x48 Drivers/STM32F7xx_HAL_Driver/Src/stm32f7xx_hal_gpio.o
 .debug_ranges  0x000002f0      0x110 Drivers/STM32F7xx_HAL_Driver/Src/stm32f7xx_hal_pcd.o
 .debug_ranges  0x00000400       0x30 Drivers/STM32F7xx_HAL_Driver/Src/stm32f7xx_hal_pcd_ex.o
 .debug_ranges  0x00000430       0x70 Drivers/STM32F7xx_HAL_Driver/Src/stm32f7xx_hal_pwr_ex.o
 .debug_ranges  0x000004a0       0x78 Drivers/STM32F7xx_HAL_Driver/Src/stm32f7xx_hal_rcc.o
 .debug_ranges  0x00000518       0x40 Drivers/STM32F7xx_HAL_Driver/Src/stm32f7xx_hal_rcc_ex.o
 .debug_ranges  0x00000558      0x180 Drivers/STM32F7xx_HAL_Driver/Src/stm32f7xx_hal_uart.o
 .debug_ranges  0x000006d8      0x170 Drivers/STM32F7xx_HAL_Driver/Src/stm32f7xx_ll_usb.o
 .debug_ranges  0x00000848       0x80 Middlewares/ST/STM32_USB_Device_Library/Class/CDC/Src/usbd_cdc.o
 .debug_ranges  0x000008c8       0xa8 Middlewares/ST/STM32_USB_Device_Library/Core/Src/usbd_core.o
 .debug_ranges  0x00000970       0x78 Middlewares/ST/STM32_USB_Device_Library/Core/Src/usbd_ctlreq.o
 .debug_ranges  0x000009e8       0x40 Middlewares/ST/STM32_USB_Device_Library/Core/Src/usbd_ioreq.o
 .debug_ranges  0x00000a28       0x20 Src/dac.o
 .debug_ranges  0x00000a48       0x10 Src/gpio.o
 .debug_ranges  0x00000a58       0x70 Src/main.o
 .debug_ranges  0x00000ac8       0x10 Src/stm32f7xx_hal_msp.o
 .debug_ranges  0x00000ad8       0x18 Src/stm32f7xx_it.o
 .debug_ranges  0x00000af0       0x18 Src/system_stm32f7xx.o
 .debug_ranges  0x00000b08       0x20 Src/usart.o
 .debug_ranges  0x00000b28       0x10 Src/usb_device.o
 .debug_ranges  0x00000b38       0x30 Src/usbd_cdc_if.o
 .debug_ranges  0x00000b68       0xf0 Src/usbd_conf.o
 .debug_ranges  0x00000c58       0x48 Src/usbd_desc.o
 .debug_ranges  0x00000ca0       0x20 startup/startup_stm32f767xx.o

.debug_macro    0x00000000    0x2a9ab
 .debug_macro   0x00000000      0x377 Drivers/STM32F7xx_HAL_Driver/Src/stm32f7xx_hal.o
 .debug_macro   0x00000377      0x8c8 Drivers/STM32F7xx_HAL_Driver/Src/stm32f7xx_hal.o
 .debug_macro   0x00000c3f       0x22 Drivers/STM32F7xx_HAL_Driver/Src/stm32f7xx_hal.o
 .debug_macro   0x00000c61       0x87 Drivers/STM32F7xx_HAL_Driver/Src/stm32f7xx_hal.o
 .debug_macro   0x00000ce8       0x51 Drivers/STM32F7xx_HAL_Driver/Src/stm32f7xx_hal.o
 .debug_macro   0x00000d39       0xef Drivers/STM32F7xx_HAL_Driver/Src/stm32f7xx_hal.o
 .debug_macro   0x00000e28       0x6a Drivers/STM32F7xx_HAL_Driver/Src/stm32f7xx_hal.o
 .debug_macro   0x00000e92      0x1df Drivers/STM32F7xx_HAL_Driver/Src/stm32f7xx_hal.o
 .debug_macro   0x00001071      0x137 Drivers/STM32F7xx_HAL_Driver/Src/stm32f7xx_hal.o
 .debug_macro   0x000011a8      0x185 Drivers/STM32F7xx_HAL_Driver/Src/stm32f7xx_hal.o
 .debug_macro   0x0000132d       0x2e Drivers/STM32F7xx_HAL_Driver/Src/stm32f7xx_hal.o
 .debug_macro   0x0000135b       0x3b Drivers/STM32F7xx_HAL_Driver/Src/stm32f7xx_hal.o
 .debug_macro   0x00001396       0x3b Drivers/STM32F7xx_HAL_Driver/Src/stm32f7xx_hal.o
 .debug_macro   0x000013d1       0x50 Drivers/STM32F7xx_HAL_Driver/Src/stm32f7xx_hal.o
 .debug_macro   0x00001421     0x1114 Drivers/STM32F7xx_HAL_Driver/Src/stm32f7xx_hal.o
 .debug_macro   0x00002535    0x19f38 Drivers/STM32F7xx_HAL_Driver/Src/stm32f7xx_hal.o
 .debug_macro   0x0001c46d       0x43 Drivers/STM32F7xx_HAL_Driver/Src/stm32f7xx_hal.o
 .debug_macro   0x0001c4b0     0x35cf Drivers/STM32F7xx_HAL_Driver/Src/stm32f7xx_hal.o
 .debug_macro   0x0001fa7f       0x58 Drivers/STM32F7xx_HAL_Driver/Src/stm32f7xx_hal.o
 .debug_macro   0x0001fad7       0x35 Drivers/STM32F7xx_HAL_Driver/Src/stm32f7xx_hal.o
 .debug_macro   0x0001fb0c       0x9c Drivers/STM32F7xx_HAL_Driver/Src/stm32f7xx_hal.o
 .debug_macro   0x0001fba8       0x16 Drivers/STM32F7xx_HAL_Driver/Src/stm32f7xx_hal.o
 .debug_macro   0x0001fbbe       0x97 Drivers/STM32F7xx_HAL_Driver/Src/stm32f7xx_hal.o
 .debug_macro   0x0001fc55      0x330 Drivers/STM32F7xx_HAL_Driver/Src/stm32f7xx_hal.o
 .debug_macro   0x0001ff85       0xfd Drivers/STM32F7xx_HAL_Driver/Src/stm32f7xx_hal.o
 .debug_macro   0x00020082       0x10 Drivers/STM32F7xx_HAL_Driver/Src/stm32f7xx_hal.o
 .debug_macro   0x00020092       0x58 Drivers/STM32F7xx_HAL_Driver/Src/stm32f7xx_hal.o
 .debug_macro   0x000200ea       0x1f Drivers/STM32F7xx_HAL_Driver/Src/stm32f7xx_hal.o
 .debug_macro   0x00020109       0x43 Drivers/STM32F7xx_HAL_Driver/Src/stm32f7xx_hal.o
 .debug_macro   0x0002014c       0x20 Drivers/STM32F7xx_HAL_Driver/Src/stm32f7xx_hal.o
 .debug_macro   0x0002016c      0x187 Drivers/STM32F7xx_HAL_Driver/Src/stm32f7xx_hal.o
 .debug_macro   0x000202f3       0x10 Drivers/STM32F7xx_HAL_Driver/Src/stm32f7xx_hal.o
 .debug_macro   0x00020303       0x1c Drivers/STM32F7xx_HAL_Driver/Src/stm32f7xx_hal.o
 .debug_macro   0x0002031f       0x52 Drivers/STM32F7xx_HAL_Driver/Src/stm32f7xx_hal.o
 .debug_macro   0x00020371       0x40 Drivers/STM32F7xx_HAL_Driver/Src/stm32f7xx_hal.o
 .debug_macro   0x000203b1       0x10 Drivers/STM32F7xx_HAL_Driver/Src/stm32f7xx_hal.o
 .debug_macro   0x000203c1       0x40 Drivers/STM32F7xx_HAL_Driver/Src/stm32f7xx_hal.o
 .debug_macro   0x00020401       0xd7 Drivers/STM32F7xx_HAL_Driver/Src/stm32f7xx_hal.o
 .debug_macro   0x000204d8       0x16 Drivers/STM32F7xx_HAL_Driver/Src/stm32f7xx_hal.o
 .debug_macro   0x000204ee      0x18b Drivers/STM32F7xx_HAL_Driver/Src/stm32f7xx_hal.o
 .debug_macro   0x00020679       0x57 Drivers/STM32F7xx_HAL_Driver/Src/stm32f7xx_hal.o
 .debug_macro   0x000206d0     0x1add Drivers/STM32F7xx_HAL_Driver/Src/stm32f7xx_hal.o
 .debug_macro   0x000221ad      0x6ca Drivers/STM32F7xx_HAL_Driver/Src/stm32f7xx_hal.o
 .debug_macro   0x00022877      0x11e Drivers/STM32F7xx_HAL_Driver/Src/stm32f7xx_hal.o
 .debug_macro   0x00022995      0x277 Drivers/STM32F7xx_HAL_Driver/Src/stm32f7xx_hal.o
 .debug_macro   0x00022c0c       0x27 Drivers/STM32F7xx_HAL_Driver/Src/stm32f7xx_hal.o
 .debug_macro   0x00022c33      0x24f Drivers/STM32F7xx_HAL_Driver/Src/stm32f7xx_hal.o
 .debug_macro   0x00022e82       0x71 Drivers/STM32F7xx_HAL_Driver/Src/stm32f7xx_hal.o
 .debug_macro   0x00022ef3       0x58 Drivers/STM32F7xx_HAL_Driver/Src/stm32f7xx_hal.o
 .debug_macro   0x00022f4b      0x23a Drivers/STM32F7xx_HAL_Driver/Src/stm32f7xx_hal.o
 .debug_macro   0x00023185       0xe5 Drivers/STM32F7xx_HAL_Driver/Src/stm32f7xx_hal.o
 .debug_macro   0x0002326a       0xa1 Drivers/STM32F7xx_HAL_Driver/Src/stm32f7xx_hal.o
 .debug_macro   0x0002330b       0x3c Drivers/STM32F7xx_HAL_Driver/Src/stm32f7xx_hal.o
 .debug_macro   0x00023347      0x156 Drivers/STM32F7xx_HAL_Driver/Src/stm32f7xx_hal.o
 .debug_macro   0x0002349d      0x3de Drivers/STM32F7xx_HAL_Driver/Src/stm32f7xx_hal.o
 .debug_macro   0x0002387b       0x12 Drivers/STM32F7xx_HAL_Driver/Src/stm32f7xx_hal.o
 .debug_macro   0x0002388d      0x209 Drivers/STM32F7xx_HAL_Driver/Src/stm32f7xx_hal.o
 .debug_macro   0x00023a96       0x61 Drivers/STM32F7xx_HAL_Driver/Src/stm32f7xx_hal.o
 .debug_macro   0x00023af7       0x90 Drivers/STM32F7xx_HAL_Driver/Src/stm32f7xx_hal.o
 .debug_macro   0x00023b87      0x132 Drivers/STM32F7xx_HAL_Driver/Src/stm32f7xx_hal.o
 .debug_macro   0x00023cb9      0x10c Drivers/STM32F7xx_HAL_Driver/Src/stm32f7xx_hal.o
 .debug_macro   0x00023dc5       0x35 Drivers/STM32F7xx_HAL_Driver/Src/stm32f7xx_hal.o
 .debug_macro   0x00023dfa      0x4e8 Drivers/STM32F7xx_HAL_Driver/Src/stm32f7xx_hal.o
 .debug_macro   0x000242e2       0x47 Drivers/STM32F7xx_HAL_Driver/Src/stm32f7xx_hal.o
 .debug_macro   0x00024329      0x1f4 Drivers/STM32F7xx_HAL_Driver/Src/stm32f7xx_hal.o
 .debug_macro   0x0002451d      0x120 Drivers/STM32F7xx_HAL_Driver/Src/stm32f7xx_hal.o
 .debug_macro   0x0002463d      0x16c Drivers/STM32F7xx_HAL_Driver/Src/stm32f7xx_hal.o
 .debug_macro   0x000247a9      0x353 Drivers/STM32F7xx_HAL_Driver/Src/stm32f7xx_hal_cortex.o
 .debug_macro   0x00024afc      0x354 Drivers/STM32F7xx_HAL_Driver/Src/stm32f7xx_hal_dac.o
 .debug_macro   0x00024e50      0x38b Drivers/STM32F7xx_HAL_Driver/Src/stm32f7xx_hal_gpio.o
 .debug_macro   0x000251db      0x35f Drivers/STM32F7xx_HAL_Driver/Src/stm32f7xx_hal_pcd.o
 .debug_macro   0x0002553a      0x353 Drivers/STM32F7xx_HAL_Driver/Src/stm32f7xx_hal_pcd_ex.o
 .debug_macro   0x0002588d      0x36b Drivers/STM32F7xx_HAL_Driver/Src/stm32f7xx_hal_pwr_ex.o
 .debug_macro   0x00025bf8      0x377 Drivers/STM32F7xx_HAL_Driver/Src/stm32f7xx_hal_rcc.o
 .debug_macro   0x00025f6f      0x353 Drivers/STM32F7xx_HAL_Driver/Src/stm32f7xx_hal_rcc_ex.o
 .debug_macro   0x000262c2      0x35b Drivers/STM32F7xx_HAL_Driver/Src/stm32f7xx_hal_uart.o
 .debug_macro   0x0002661d      0x353 Drivers/STM32F7xx_HAL_Driver/Src/stm32f7xx_ll_usb.o
 .debug_macro   0x00026970      0x409 Middlewares/ST/STM32_USB_Device_Library/Class/CDC/Src/usbd_cdc.o
 .debug_macro   0x00026d79       0x52 Middlewares/ST/STM32_USB_Device_Library/Class/CDC/Src/usbd_cdc.o
 .debug_macro   0x00026dcb       0x8d Middlewares/ST/STM32_USB_Device_Library/Class/CDC/Src/usbd_cdc.o
 .debug_macro   0x00026e58       0x57 Middlewares/ST/STM32_USB_Device_Library/Class/CDC/Src/usbd_cdc.o
 .debug_macro   0x00026eaf       0x16 Middlewares/ST/STM32_USB_Device_Library/Class/CDC/Src/usbd_cdc.o
 .debug_macro   0x00026ec5       0x35 Middlewares/ST/STM32_USB_Device_Library/Class/CDC/Src/usbd_cdc.o
 .debug_macro   0x00026efa       0x16 Middlewares/ST/STM32_USB_Device_Library/Class/CDC/Src/usbd_cdc.o
 .debug_macro   0x00026f10       0x29 Middlewares/ST/STM32_USB_Device_Library/Class/CDC/Src/usbd_cdc.o
 .debug_macro   0x00026f39       0x16 Middlewares/ST/STM32_USB_Device_Library/Class/CDC/Src/usbd_cdc.o
 .debug_macro   0x00026f4f       0x35 Middlewares/ST/STM32_USB_Device_Library/Class/CDC/Src/usbd_cdc.o
 .debug_macro   0x00026f84      0x13d Middlewares/ST/STM32_USB_Device_Library/Class/CDC/Src/usbd_cdc.o
 .debug_macro   0x000270c1       0x70 Middlewares/ST/STM32_USB_Device_Library/Class/CDC/Src/usbd_cdc.o
 .debug_macro   0x00027131      0x1c1 Middlewares/ST/STM32_USB_Device_Library/Class/CDC/Src/usbd_cdc.o
 .debug_macro   0x000272f2       0x83 Middlewares/ST/STM32_USB_Device_Library/Class/CDC/Src/usbd_cdc.o
 .debug_macro   0x00027375      0x3e2 Middlewares/ST/STM32_USB_Device_Library/Core/Src/usbd_core.o
 .debug_macro   0x00027757      0x1c7 Middlewares/ST/STM32_USB_Device_Library/Core/Src/usbd_core.o
 .debug_macro   0x0002791e      0x3ec Middlewares/ST/STM32_USB_Device_Library/Core/Src/usbd_ctlreq.o
 .debug_macro   0x00027d0a      0x3e8 Middlewares/ST/STM32_USB_Device_Library/Core/Src/usbd_ioreq.o
 .debug_macro   0x000280f2      0x367 Src/dac.o
 .debug_macro   0x00028459      0x35d Src/gpio.o
 .debug_macro   0x000287b6      0x43d Src/main.o
 .debug_macro   0x00028bf3      0x353 Src/stm32f7xx_hal_msp.o
 .debug_macro   0x00028f46      0x35d Src/stm32f7xx_it.o
 .debug_macro   0x000292a3      0x359 Src/system_stm32f7xx.o
 .debug_macro   0x000295fc      0x367 Src/usart.o
 .debug_macro   0x00029963      0x423 Src/usb_device.o
 .debug_macro   0x00029d86      0x40d Src/usbd_cdc_if.o
 .debug_macro   0x0002a193      0x3f2 Src/usbd_conf.o
 .debug_macro   0x0002a585      0x426 Src/usbd_desc.o

.debug_line     0x00000000    0x10788
 .debug_line    0x00000000      0xa21 Drivers/STM32F7xx_HAL_Driver/Src/stm32f7xx_hal.o
 .debug_line    0x00000a21      0x9fa Drivers/STM32F7xx_HAL_Driver/Src/stm32f7xx_hal_cortex.o
 .debug_line    0x0000141b      0xa5b Drivers/STM32F7xx_HAL_Driver/Src/stm32f7xx_hal_dac.o
 .debug_line    0x00001e76      0x972 Drivers/STM32F7xx_HAL_Driver/Src/stm32f7xx_hal_gpio.o
 .debug_line    0x000027e8      0xd17 Drivers/STM32F7xx_HAL_Driver/Src/stm32f7xx_hal_pcd.o
 .debug_line    0x000034ff      0x863 Drivers/STM32F7xx_HAL_Driver/Src/stm32f7xx_hal_pcd_ex.o
 .debug_line    0x00003d62      0x92b Drivers/STM32F7xx_HAL_Driver/Src/stm32f7xx_hal_pwr_ex.o
 .debug_line    0x0000468d      0xa93 Drivers/STM32F7xx_HAL_Driver/Src/stm32f7xx_hal_rcc.o
 .debug_line    0x00005120      0xa2a Drivers/STM32F7xx_HAL_Driver/Src/stm32f7xx_hal_rcc_ex.o
 .debug_line    0x00005b4a     0x1196 Drivers/STM32F7xx_HAL_Driver/Src/stm32f7xx_hal_uart.o
 .debug_line    0x00006ce0      0xdde Drivers/STM32F7xx_HAL_Driver/Src/stm32f7xx_ll_usb.o
 .debug_line    0x00007abe      0xaca Middlewares/ST/STM32_USB_Device_Library/Class/CDC/Src/usbd_cdc.o
 .debug_line    0x00008588      0xad0 Middlewares/ST/STM32_USB_Device_Library/Core/Src/usbd_core.o
 .debug_line    0x00009058      0xad4 Middlewares/ST/STM32_USB_Device_Library/Core/Src/usbd_ctlreq.o
 .debug_line    0x00009b2c      0x95b Middlewares/ST/STM32_USB_Device_Library/Core/Src/usbd_ioreq.o
 .debug_line    0x0000a487      0x81d Src/dac.o
 .debug_line    0x0000aca4      0x80c Src/gpio.o
 .debug_line    0x0000b4b0      0xade Src/main.o
 .debug_line    0x0000bf8e      0x7e3 Src/stm32f7xx_hal_msp.o
 .debug_line    0x0000c771      0x7fb Src/stm32f7xx_it.o
 .debug_line    0x0000cf6c      0x80d Src/system_stm32f7xx.o
 .debug_line    0x0000d779      0x821 Src/usart.o
 .debug_line    0x0000df9a      0x94c Src/usb_device.o
 .debug_line    0x0000e8e6      0x97c Src/usbd_cdc_if.o
 .debug_line    0x0000f262      0xb51 Src/usbd_conf.o
 .debug_line    0x0000fdb3      0x956 Src/usbd_desc.o
 .debug_line    0x00010709       0x7f startup/startup_stm32f767xx.o

.debug_str      0x00000000    0xed103
 .debug_str     0x00000000    0xe85ed Drivers/STM32F7xx_HAL_Driver/Src/stm32f7xx_hal.o
                              0xe89f2 (size before relaxing)
 .debug_str     0x000e85ed      0x46d Drivers/STM32F7xx_HAL_Driver/Src/stm32f7xx_hal_cortex.o
                              0xe8995 (size before relaxing)
 .debug_str     0x000e8a5a      0x58f Drivers/STM32F7xx_HAL_Driver/Src/stm32f7xx_hal_dac.o
                              0xe832e (size before relaxing)
 .debug_str     0x000e8fe9      0x2bd Drivers/STM32F7xx_HAL_Driver/Src/stm32f7xx_hal_gpio.o
                              0xe8186 (size before relaxing)
 .debug_str     0x000e92a6      0xa9c Drivers/STM32F7xx_HAL_Driver/Src/stm32f7xx_hal_pcd.o
                              0xe889e (size before relaxing)
 .debug_str     0x000e9d42       0x75 Drivers/STM32F7xx_HAL_Driver/Src/stm32f7xx_hal_pcd_ex.o
                              0xe8208 (size before relaxing)
 .debug_str     0x000e9db7      0x1f3 Drivers/STM32F7xx_HAL_Driver/Src/stm32f7xx_hal_pwr_ex.o
                              0xe8242 (size before relaxing)
 .debug_str     0x000e9faa      0x38f Drivers/STM32F7xx_HAL_Driver/Src/stm32f7xx_hal_rcc.o
                              0xe8300 (size before relaxing)
 .debug_str     0x000ea339      0x3b9 Drivers/STM32F7xx_HAL_Driver/Src/stm32f7xx_hal_rcc_ex.o
                              0xe82a5 (size before relaxing)
 .debug_str     0x000ea6f2      0x847 Drivers/STM32F7xx_HAL_Driver/Src/stm32f7xx_hal_uart.o
                              0xe89f4 (size before relaxing)
 .debug_str     0x000eaf39      0x3c4 Drivers/STM32F7xx_HAL_Driver/Src/stm32f7xx_ll_usb.o
                              0xe8744 (size before relaxing)
 .debug_str     0x000eb2fd     0x1288 Middlewares/ST/STM32_USB_Device_Library/Class/CDC/Src/usbd_cdc.o
                              0xe90e5 (size before relaxing)
 .debug_str     0x000ec585      0x294 Middlewares/ST/STM32_USB_Device_Library/Core/Src/usbd_core.o
                              0xe8dbe (size before relaxing)
 .debug_str     0x000ec819      0x125 Middlewares/ST/STM32_USB_Device_Library/Core/Src/usbd_ctlreq.o
                              0xe8cd8 (size before relaxing)
 .debug_str     0x000ec93e       0x51 Middlewares/ST/STM32_USB_Device_Library/Core/Src/usbd_ioreq.o
                              0xe8c05 (size before relaxing)
 .debug_str     0x000ec98f       0x45 Src/dac.o
                              0xe8308 (size before relaxing)
 .debug_str     0x000ec9d4       0x1b Src/gpio.o
                              0xe7f0c (size before relaxing)
 .debug_str     0x000ec9ef      0x2be Src/main.o
                              0xea387 (size before relaxing)
 .debug_str     0x000eccad       0x1b Src/stm32f7xx_hal_msp.o
                              0xe83a2 (size before relaxing)
 .debug_str     0x000eccc8       0x5a Src/stm32f7xx_it.o
                              0xe8154 (size before relaxing)
 .debug_str     0x000ecd22       0x5a Src/system_stm32f7xx.o
                              0xe7fab (size before relaxing)
 .debug_str     0x000ecd7c       0x1a Src/usart.o
                              0xe842e (size before relaxing)
 .debug_str     0x000ecd96       0x14 Src/usb_device.o
                              0xe8e75 (size before relaxing)
 .debug_str     0x000ecdaa       0xa7 Src/usbd_cdc_if.o
                              0xe8f8a (size before relaxing)
 .debug_str     0x000ece51       0x51 Src/usbd_conf.o
                              0xe9d2d (size before relaxing)
 .debug_str     0x000ecea2      0x261 Src/usbd_desc.o
                              0xe8ade (size before relaxing)

.comment        0x00000000       0x7f
 .comment       0x00000000       0x7f Drivers/STM32F7xx_HAL_Driver/Src/stm32f7xx_hal.o
                                 0x80 (size before relaxing)
 .comment       0x0000007f       0x80 Drivers/STM32F7xx_HAL_Driver/Src/stm32f7xx_hal_cortex.o
 .comment       0x0000007f       0x80 Drivers/STM32F7xx_HAL_Driver/Src/stm32f7xx_hal_dac.o
 .comment       0x0000007f       0x80 Drivers/STM32F7xx_HAL_Driver/Src/stm32f7xx_hal_gpio.o
 .comment       0x0000007f       0x80 Drivers/STM32F7xx_HAL_Driver/Src/stm32f7xx_hal_pcd.o
 .comment       0x0000007f       0x80 Drivers/STM32F7xx_HAL_Driver/Src/stm32f7xx_hal_pcd_ex.o
 .comment       0x0000007f       0x80 Drivers/STM32F7xx_HAL_Driver/Src/stm32f7xx_hal_pwr_ex.o
 .comment       0x0000007f       0x80 Drivers/STM32F7xx_HAL_Driver/Src/stm32f7xx_hal_rcc.o
 .comment       0x0000007f       0x80 Drivers/STM32F7xx_HAL_Driver/Src/stm32f7xx_hal_rcc_ex.o
 .comment       0x0000007f       0x80 Drivers/STM32F7xx_HAL_Driver/Src/stm32f7xx_hal_uart.o
 .comment       0x0000007f       0x80 Drivers/STM32F7xx_HAL_Driver/Src/stm32f7xx_ll_usb.o
 .comment       0x0000007f       0x80 Middlewares/ST/STM32_USB_Device_Library/Class/CDC/Src/usbd_cdc.o
 .comment       0x0000007f       0x80 Middlewares/ST/STM32_USB_Device_Library/Core/Src/usbd_core.o
 .comment       0x0000007f       0x80 Middlewares/ST/STM32_USB_Device_Library/Core/Src/usbd_ctlreq.o
 .comment       0x0000007f       0x80 Middlewares/ST/STM32_USB_Device_Library/Core/Src/usbd_ioreq.o
 .comment       0x0000007f       0x80 Src/dac.o
 .comment       0x0000007f       0x80 Src/gpio.o
 .comment       0x0000007f       0x80 Src/main.o
 .comment       0x0000007f       0x80 Src/stm32f7xx_hal_msp.o
 .comment       0x0000007f       0x80 Src/stm32f7xx_it.o
 .comment       0x0000007f       0x80 Src/system_stm32f7xx.o
 .comment       0x0000007f       0x80 Src/usart.o
 .comment       0x0000007f       0x80 Src/usb_device.o
 .comment       0x0000007f       0x80 Src/usbd_cdc_if.o
 .comment       0x0000007f       0x80 Src/usbd_conf.o
 .comment       0x0000007f       0x80 Src/usbd_desc.o

.debug_frame    0x00000000     0x2554
 .debug_frame   0x00000000      0x22c Drivers/STM32F7xx_HAL_Driver/Src/stm32f7xx_hal.o
 .debug_frame   0x0000022c      0x15c Drivers/STM32F7xx_HAL_Driver/Src/stm32f7xx_hal_cortex.o